*----------------------------------------------------------------------------------------
*	Innovus 15.23-s045_1 (64bit) 04/22/2016 12:32 (Linux 2.6.18-194.el5)
*	
*
* 	Date & Time:	2026-Mar-09 10:35:06 (2026-Mar-09 17:35:06 GMT)
*
*----------------------------------------------------------------------------------------
*
*	Design: fullchip
*
*	Liberty Libraries used: 
*	        WC_VIEW: /home/linux/ieng6/ECE260B_WI26_A00/public/PDKdata/lib/tcbn65gpluswc.lib
*
*	Power Domain used: 
*		Rail:        VDD 	Voltage:        0.9 
*
*       Power View : WC_VIEW
*
*       User-Defined Activity : N.A.
*
*       Activity File: N.A.
*
*       Hierarchical Global Activity: N.A.
*
*       Global Activity: N.A.
*
*       Sequential Element Activity: 0.200000
*
*       Primary Input Activity: 0.200000
*
*       Default icg ratio: N.A.
*
*       Global Comb ClockGate Ratio: N.A.
*
*	Power Units = 1mW
*
*	Time Units = 1e-09 secs 
*
*       report_power -outfile fullchip.post_route.power.rpt
*
-----------------------------------------------------------------------------------------


Total Power 
-----------------------------------------------------------------------------------------
Total Internal Power:      141.27849569 	   62.1138%
Total Switching Power:      82.78154899 	   36.3953%
Total Leakage Power:         3.39100280 	    1.4909%
Total Power:               227.45104675 
-----------------------------------------------------------------------------------------


Group                           Internal   Switching     Leakage       Total  Percentage 
                                Power      Power         Power         Power  (%)        
-----------------------------------------------------------------------------------------
Sequential                         78.92       3.501      0.5615       82.98       36.48 
Macro                                  0           0      0.7222      0.7222      0.3175 
IO                                     0           0     7.6e-07     7.6e-07   3.341e-07 
Combinational                      53.84       63.93       2.048       119.8       52.68 
Clock (Combinational)              8.515       15.35     0.05922       23.93       10.52 
Clock (Sequential)                     0           0           0           0           0 
-----------------------------------------------------------------------------------------
Total                              141.3       82.78       3.391       227.5         100 
-----------------------------------------------------------------------------------------


Rail                  Voltage   Internal   Switching     Leakage       Total  Percentage 
                                Power      Power         Power         Power  (%)        
-----------------------------------------------------------------------------------------
VDD                       0.9      141.3       82.78       3.391       227.5         100 


Clock                           Internal   Switching     Leakage       Total  Percentage 
                                Power      Power         Power         Power  (%)        
-----------------------------------------------------------------------------------------
clk                                8.515       15.35     0.05922       23.93       10.52 
-----------------------------------------------------------------------------------------
Total (excluding duplicates)       8.515       15.35     0.05922       23.93       10.52 
-----------------------------------------------------------------------------------------


-----------------------------------------------------------------------------------------
*	Power Distribution Summary: 
* 		Highest Average Power: core_instance0/CTS_ccl_BUF_clk_G0_L5_15 (CKBD16): 	    0.1657 
* 		Highest Leakage Power: core_instance0/sfp_instance/U22175 (ND3D8): 	 0.0003029 
* 		Total Cap: 	5.40308e-10 F
* 		Total instances in design: 139015
* 		Total instances in design with no power:     0
*          Total instances in design with no activity:     0
* 		Total Fillers and Decap: 68309
-----------------------------------------------------------------------------------------

