###############################################################
#  Generated by:      Cadence Innovus 15.23-s045_1
#  OS:                Linux x86_64(Host ID ieng6-ece-17.ucsd.edu)
#  Generated on:      Mon Mar  9 10:34:50 2026
#  Design:            fullchip
#  Command:           report_timing -max_paths 5 > ${design}.post_route.timing.rpt
###############################################################
Path 1: VIOLATED Setup Check with Pin core_instance0/sfp_instance/sfp_out_sign3_
reg_0_/CP 
Endpoint:   core_instance0/sfp_instance/sfp_out_sign3_reg_0_/D      (^) checked 
with  leading edge of 'clk'
Beginpoint: core_instance0/sfp_instance/fifo_inst_int/out_reg_13_/Q (v) 
triggered by  leading edge of 'clk'
Path Groups: {clk}
Analysis View: WC_VIEW
Other End Arrival Time          1.691
- Setup                         0.032
+ Phase Shift                   1.000
+ CPPR Adjustment               0.000
= Required Time                 2.659
- Arrival Time                  3.718
= Slack Time                   -1.059
     Clock Rise Edge                 0.000
     + Clock Network Latency (Prop)  0.194
     = Beginpoint Arrival Time       0.194
     +-----------------------------------------------------------------------------------------------------------+ 
     |                      Instance                      |     Arc      |   Cell   | Delay | Arrival | Required | 
     |                                                    |              |          |       |  Time   |   Time   | 
     |----------------------------------------------------+--------------+----------+-------+---------+----------| 
     | core_instance0/sfp_instance/fifo_inst_int/out_reg_ | CP ^         |          |       |   0.194 |   -0.865 | 
     | 13_                                                |              |          |       |         |          | 
     | core_instance0/sfp_instance/fifo_inst_int/out_reg_ | CP ^ -> Q v  | EDFCNQD4 | 0.163 |   0.357 |   -0.702 | 
     | 13_                                                |              |          |       |         |          | 
     | core_instance0/sfp_instance/FE_RC_3900_0           | I v -> Z v   | BUFFD16  | 0.056 |   0.413 |   -0.646 | 
     | core_instance0/sfp_instance/FE_OCPC13601_FE_OFN113 | I v -> ZN ^  | INVD12   | 0.039 |   0.452 |   -0.607 | 
     | 47_sum_this_core_13_                               |              |          |       |         |          | 
     | core_instance0/sfp_instance/U3717_dup              | A1 ^ -> ZN v | ND2D2    | 0.033 |   0.485 |   -0.575 | 
     | core_instance0/sfp_instance/U15873                 | A1 v -> ZN ^ | ND2D2    | 0.030 |   0.515 |   -0.544 | 
     | core_instance0/sfp_instance/U15874_dup             | I ^ -> ZN v  | INVD2    | 0.026 |   0.540 |   -0.519 | 
     | core_instance0/sfp_instance/FE_RC_1633_0           | A1 v -> ZN ^ | CKND2D2  | 0.030 |   0.570 |   -0.489 | 
     | core_instance0/sfp_instance/FE_RC_1631_0           | B2 ^ -> ZN v | IND3D4   | 0.062 |   0.632 |   -0.427 | 
     | core_instance0/sfp_instance/U3291                  | A2 v -> ZN ^ | NR2XD0   | 0.058 |   0.690 |   -0.370 | 
     | core_instance0/sfp_instance/U24585                 | A1 ^ -> ZN v | CKND2D2  | 0.034 |   0.724 |   -0.335 | 
     | core_instance0/sfp_instance/FE_RC_9307_0           | B1 v -> ZN ^ | IND2D1   | 0.032 |   0.756 |   -0.303 | 
     | core_instance0/sfp_instance/U21470                 | A1 ^ -> ZN v | CKND2D2  | 0.033 |   0.789 |   -0.271 | 
     | core_instance0/sfp_instance/U21468                 | A1 v -> ZN ^ | ND2D4    | 0.040 |   0.829 |   -0.231 | 
     | core_instance0/sfp_instance/U6172                  | A2 ^ -> ZN v | ND3D4    | 0.061 |   0.890 |   -0.170 | 
     | core_instance0/sfp_instance/FE_RC_1450_0           | A4 v -> ZN ^ | NR4D4    | 0.097 |   0.987 |   -0.073 | 
     | core_instance0/sfp_instance/FE_RC_1445_0           | A3 ^ -> ZN v | ND3D8    | 0.063 |   1.049 |   -0.010 | 
     | core_instance0/sfp_instance/U16707                 | A1 v -> ZN ^ | ND2D2    | 0.028 |   1.077 |    0.018 | 
     | core_instance0/sfp_instance/U14219                 | I ^ -> ZN v  | INVD2    | 0.021 |   1.099 |    0.040 | 
     | core_instance0/sfp_instance/FE_RC_348_0            | A1 v -> ZN ^ | ND3D4    | 0.030 |   1.129 |    0.069 | 
     | core_instance0/sfp_instance/U5909                  | A2 ^ -> ZN v | ND2D8    | 0.063 |   1.192 |    0.133 | 
     | core_instance0/sfp_instance/U7202                  | A1 v -> ZN ^ | ND2D3    | 0.034 |   1.226 |    0.167 | 
     | core_instance0/sfp_instance/U10633                 | I ^ -> ZN v  | CKND2    | 0.020 |   1.245 |    0.186 | 
     | core_instance0/sfp_instance/U14146                 | A2 v -> ZN ^ | ND2D2    | 0.021 |   1.266 |    0.207 | 
     | core_instance0/sfp_instance/U14099                 | I ^ -> ZN v  | CKND2    | 0.021 |   1.288 |    0.228 | 
     | core_instance0/sfp_instance/U14087                 | A1 v -> ZN ^ | ND2D3    | 0.021 |   1.309 |    0.249 | 
     | core_instance0/sfp_instance/U4910                  | A1 ^ -> ZN v | ND2D4    | 0.040 |   1.348 |    0.289 | 
     | core_instance0/sfp_instance/U14028                 | A1 v -> ZN ^ | ND2D8    | 0.034 |   1.383 |    0.324 | 
     | core_instance0/sfp_instance/U2820                  | A2 ^ -> ZN v | ND2D8    | 0.033 |   1.416 |    0.357 | 
     | core_instance0/sfp_instance/U20733                 | A2 v -> ZN ^ | ND2D8    | 0.031 |   1.447 |    0.388 | 
     | core_instance0/sfp_instance/FE_OCPC13186_n16819    | I ^ -> ZN v  | INVD6    | 0.019 |   1.465 |    0.406 | 
     | core_instance0/sfp_instance/U15951                 | A1 v -> ZN ^ | ND2D8    | 0.026 |   1.491 |    0.432 | 
     | core_instance0/sfp_instance/FE_RC_295_0            | A1 ^ -> ZN v | OAI21D4  | 0.033 |   1.524 |    0.464 | 
     | core_instance0/sfp_instance/U22296                 | A1 v -> ZN ^ | NR2D4    | 0.033 |   1.556 |    0.497 | 
     | core_instance0/sfp_instance/U18715                 | A1 ^ -> ZN v | ND2D2    | 0.032 |   1.589 |    0.529 | 
     | core_instance0/sfp_instance/U13937                 | A1 v -> ZN ^ | ND2D4    | 0.028 |   1.616 |    0.557 | 
     | core_instance0/sfp_instance/U7266                  | A1 ^ -> ZN v | ND2D8    | 0.077 |   1.693 |    0.634 | 
     | core_instance0/sfp_instance/U16628                 | A1 v -> ZN ^ | ND2D4    | 0.051 |   1.745 |    0.686 | 
     | core_instance0/sfp_instance/U5923                  | A1 ^ -> ZN v | CKND2D2  | 0.026 |   1.770 |    0.711 | 
     | core_instance0/sfp_instance/U5922                  | I v -> ZN ^  | CKND2    | 0.022 |   1.792 |    0.733 | 
     | core_instance0/sfp_instance/U15991                 | A1 ^ -> ZN v | CKND2D4  | 0.030 |   1.822 |    0.763 | 
     | core_instance0/sfp_instance/U15988                 | A1 v -> ZN ^ | ND2D4    | 0.029 |   1.851 |    0.792 | 
     | core_instance0/sfp_instance/U18721                 | A1 ^ -> ZN v | ND2D8    | 0.040 |   1.890 |    0.831 | 
     | core_instance0/sfp_instance/U25152                 | A1 v -> ZN ^ | ND2D4    | 0.029 |   1.919 |    0.860 | 
     | core_instance0/sfp_instance/U24552                 | I ^ -> ZN v  | CKND4    | 0.021 |   1.940 |    0.881 | 
     | core_instance0/sfp_instance/U6966                  | A2 v -> ZN ^ | ND2D8    | 0.033 |   1.973 |    0.914 | 
     | core_instance0/sfp_instance/U18716                 | A2 ^ -> ZN v | ND2D8    | 0.046 |   2.019 |    0.960 | 
     | core_instance0/sfp_instance/U28738                 | A1 v -> Z v  | AO21D1   | 0.074 |   2.093 |    1.034 | 
     | core_instance0/sfp_instance/U30436                 | A2 v -> ZN ^ | ND2D3    | 0.042 |   2.135 |    1.075 | 
     | core_instance0/sfp_instance/FE_RC_4666_0           | A2 ^ -> ZN v | ND3D8    | 0.079 |   2.213 |    1.154 | 
     | core_instance0/sfp_instance/U1794                  | A1 v -> ZN ^ | NR2XD1   | 0.104 |   2.317 |    1.258 | 
     | core_instance0/sfp_instance/FE_RC_2045_0           | B1 ^ -> ZN v | INR3D1   | 0.048 |   2.366 |    1.306 | 
     | core_instance0/sfp_instance/U16657                 | A2 v -> ZN ^ | ND2D2    | 0.033 |   2.398 |    1.339 | 
     | core_instance0/sfp_instance/U1611                  | A2 ^ -> ZN v | ND2D4    | 0.045 |   2.443 |    1.384 | 
     | core_instance0/sfp_instance/U1595                  | A1 v -> ZN ^ | ND2D8    | 0.031 |   2.474 |    1.415 | 
     | core_instance0/sfp_instance/U22169                 | A1 ^ -> ZN v | CKND2D8  | 0.034 |   2.509 |    1.449 | 
     | core_instance0/sfp_instance/U29977                 | A1 v -> ZN ^ | ND2D4    | 0.041 |   2.549 |    1.490 | 
     | core_instance0/sfp_instance/U16675_dup             | A1 ^ -> ZN v | NR2D8    | 0.032 |   2.582 |    1.523 | 
     | core_instance0/sfp_instance/U16670                 | A1 v -> ZN ^ | AOI22D2  | 0.052 |   2.634 |    1.575 | 
     | core_instance0/sfp_instance/U20665                 | A1 ^ -> ZN v | CKND2D4  | 0.058 |   2.691 |    1.632 | 
     | core_instance0/sfp_instance/U12653                 | I v -> ZN ^  | CKND6    | 0.033 |   2.725 |    1.666 | 
     | core_instance0/sfp_instance/U15676                 | A2 ^ -> ZN v | ND2D8    | 0.053 |   2.778 |    1.719 | 
     | core_instance0/sfp_instance/U843                   | A1 v -> ZN ^ | NR2XD1   | 0.067 |   2.845 |    1.786 | 
     | core_instance0/sfp_instance/U702                   | A1 ^ -> ZN v | OAI21D1  | 0.059 |   2.904 |    1.845 | 
     | core_instance0/sfp_instance/U31428                 | B v -> ZN ^  | AOI21D4  | 0.072 |   2.976 |    1.917 | 
     | core_instance0/sfp_instance/U11875                 | A1 ^ -> Z ^  | OA21D4   | 0.074 |   3.050 |    1.991 | 
     | core_instance0/sfp_instance/U22519                 | A2 ^ -> ZN v | CKND2D4  | 0.028 |   3.078 |    2.019 | 
     | core_instance0/sfp_instance/U22342                 | A1 v -> ZN ^ | AOI21D4  | 0.053 |   3.131 |    2.072 | 
     | core_instance0/sfp_instance/U17976                 | A1 ^ -> ZN v | ND2D8    | 0.074 |   3.204 |    2.145 | 
     | core_instance0/sfp_instance/U17970                 | A2 v -> ZN ^ | NR2D1    | 0.079 |   3.283 |    2.224 | 
     | core_instance0/sfp_instance/U413                   | A1 ^ -> ZN v | NR3D2    | 0.054 |   3.337 |    2.278 | 
     | core_instance0/sfp_instance/U18788                 | A2 v -> ZN ^ | ND2D8    | 0.046 |   3.383 |    2.324 | 
     | core_instance0/sfp_instance/U219                   | A1 ^ -> ZN v | NR2D3    | 0.030 |   3.413 |    2.354 | 
     | core_instance0/sfp_instance/U32835                 | I v -> ZN ^  | INVD1    | 0.052 |   3.464 |    2.405 | 
     | core_instance0/sfp_instance/U32836                 | A1 ^ -> ZN v | ND3D1    | 0.052 |   3.516 |    2.457 | 
     | core_instance0/sfp_instance/U19704                 | A2 v -> ZN ^ | ND3D2    | 0.037 |   3.554 |    2.494 | 
     | core_instance0/sfp_instance/U19703                 | A1 ^ -> ZN v | NR2XD1   | 0.032 |   3.586 |    2.527 | 
     | core_instance0/sfp_instance/U18778                 | A1 v -> ZN ^ | ND2D4    | 0.032 |   3.618 |    2.558 | 
     | core_instance0/sfp_instance/U19811                 | A1 ^ -> ZN v | NR2D3    | 0.019 |   3.636 |    2.577 | 
     | core_instance0/sfp_instance/U19807                 | A1 v -> ZN ^ | NR2XD1   | 0.030 |   3.666 |    2.607 | 
     | core_instance0/sfp_instance/U19805                 | A1 ^ -> ZN v | ND2D2    | 0.030 |   3.696 |    2.637 | 
     | core_instance0/sfp_instance/U11399                 | A2 v -> ZN ^ | ND2D2    | 0.023 |   3.718 |    2.659 | 
     | core_instance0/sfp_instance/sfp_out_sign3_reg_0_   | D ^          | DFCNQD1  | 0.000 |   3.718 |    2.659 | 
     +-----------------------------------------------------------------------------------------------------------+ 
Path 2: VIOLATED Setup Check with Pin core_instance0/sfp_instance/sfp_out_sign1_
reg_2_/CP 
Endpoint:   core_instance0/sfp_instance/sfp_out_sign1_reg_2_/D      (v) checked 
with  leading edge of 'clk'
Beginpoint: core_instance0/sfp_instance/fifo_inst_int/out_reg_13_/Q (^) 
triggered by  leading edge of 'clk'
Path Groups: {clk}
Analysis View: WC_VIEW
Other End Arrival Time          1.655
- Setup                         0.003
+ Phase Shift                   1.000
+ CPPR Adjustment               0.000
= Required Time                 2.652
- Arrival Time                  3.703
= Slack Time                   -1.051
     Clock Rise Edge                 0.000
     + Clock Network Latency (Prop)  0.194
     = Beginpoint Arrival Time       0.194
     +-----------------------------------------------------------------------------------------------------------+ 
     |                      Instance                      |     Arc      |   Cell   | Delay | Arrival | Required | 
     |                                                    |              |          |       |  Time   |   Time   | 
     |----------------------------------------------------+--------------+----------+-------+---------+----------| 
     | core_instance0/sfp_instance/fifo_inst_int/out_reg_ | CP ^         |          |       |   0.194 |   -0.857 | 
     | 13_                                                |              |          |       |         |          | 
     | core_instance0/sfp_instance/fifo_inst_int/out_reg_ | CP ^ -> Q ^  | EDFCNQD4 | 0.231 |   0.425 |   -0.626 | 
     | 13_                                                |              |          |       |         |          | 
     | core_instance0/sfp_instance/FE_RC_3900_0           | I ^ -> Z ^   | BUFFD16  | 0.059 |   0.484 |   -0.567 | 
     | core_instance0/sfp_instance/FE_OCPC14448_FE_OFN113 | I ^ -> Z ^   | BUFFD4   | 0.045 |   0.529 |   -0.522 | 
     | 47_sum_this_core_13_                               |              |          |       |         |          | 
     | core_instance0/sfp_instance/U3699                  | A1 ^ -> ZN v | CKND2D4  | 0.028 |   0.556 |   -0.495 | 
     | core_instance0/sfp_instance/U6488                  | A1 v -> ZN ^ | ND2D4    | 0.027 |   0.584 |   -0.467 | 
     | core_instance0/sfp_instance/U17725                 | A1 ^ -> ZN v | NR2D4    | 0.024 |   0.608 |   -0.443 | 
     | core_instance0/sfp_instance/U17509                 | A1 v -> ZN ^ | NR2XD3   | 0.029 |   0.637 |   -0.414 | 
     | core_instance0/sfp_instance/U15396                 | A2 ^ -> ZN v | CKND2D4  | 0.035 |   0.673 |   -0.379 | 
     | core_instance0/sfp_instance/U15875                 | I v -> ZN ^  | CKND4    | 0.021 |   0.694 |   -0.357 | 
     | core_instance0/sfp_instance/U14691                 | A1 ^ -> ZN v | CKND2D4  | 0.026 |   0.720 |   -0.331 | 
     | core_instance0/sfp_instance/U15665                 | A1 v -> ZN ^ | ND2D8    | 0.036 |   0.756 |   -0.295 | 
     | core_instance0/sfp_instance/FE_OCPC13549_n2842     | I ^ -> ZN v  | INVD12   | 0.032 |   0.788 |   -0.263 | 
     | core_instance0/sfp_instance/FE_OCPC13553_n2842     | I v -> ZN ^  | CKND12   | 0.021 |   0.809 |   -0.242 | 
     | core_instance0/sfp_instance/U15664                 | A1 ^ -> ZN v | CKND2D8  | 0.022 |   0.831 |   -0.220 | 
     | core_instance0/sfp_instance/U15663                 | A1 v -> ZN ^ | NR2XD4   | 0.029 |   0.860 |   -0.191 | 
     | core_instance0/sfp_instance/FE_RC_8950_0           | A1 ^ -> ZN v | ND3D8    | 0.039 |   0.899 |   -0.152 | 
     | core_instance0/sfp_instance/U15841                 | I v -> ZN ^  | CKND4    | 0.023 |   0.922 |   -0.129 | 
     | core_instance0/sfp_instance/U15840                 | A2 ^ -> ZN v | CKND2D4  | 0.032 |   0.954 |   -0.097 | 
     | core_instance0/sfp_instance/U5056                  | A1 v -> ZN ^ | ND2D4    | 0.031 |   0.985 |   -0.066 | 
     | core_instance0/sfp_instance/U17306                 | A2 ^ -> ZN v | ND3D8    | 0.063 |   1.048 |   -0.003 | 
     | core_instance0/sfp_instance/FE_OFC10055_n3626      | I v -> ZN ^  | INVD6    | 0.038 |   1.086 |    0.035 | 
     | core_instance0/sfp_instance/U4220                  | A1 ^ -> ZN v | ND2D4    | 0.032 |   1.119 |    0.068 | 
     | core_instance0/sfp_instance/U18931                 | A1 v -> ZN ^ | ND2D8    | 0.046 |   1.164 |    0.113 | 
     | core_instance0/sfp_instance/U14176                 | A1 ^ -> ZN v | NR2XD2   | 0.035 |   1.199 |    0.148 | 
     | core_instance0/sfp_instance/U18095                 | A1 v -> ZN ^ | NR2D3    | 0.041 |   1.241 |    0.190 | 
     | core_instance0/sfp_instance/U18094                 | A2 ^ -> ZN v | OAI21D4  | 0.036 |   1.277 |    0.226 | 
     | core_instance0/sfp_instance/U18969_dup             | A1 v -> ZN ^ | ND2D4    | 0.031 |   1.308 |    0.257 | 
     | core_instance0/sfp_instance/U2838                  | A1 ^ -> ZN v | CKND2D4  | 0.044 |   1.352 |    0.301 | 
     | core_instance0/sfp_instance/FE_RC_4143_0           | A1 v -> ZN ^ | ND3D3    | 0.034 |   1.386 |    0.335 | 
     | core_instance0/sfp_instance/U5759                  | A1 ^ -> ZN v | ND2D4    | 0.037 |   1.423 |    0.372 | 
     | core_instance0/sfp_instance/U20551                 | A1 v -> ZN ^ | NR2XD8   | 0.053 |   1.476 |    0.425 | 
     | core_instance0/sfp_instance/FE_OCPC13499_n6015     | I ^ -> ZN v  | INVD12   | 0.024 |   1.500 |    0.449 | 
     | core_instance0/sfp_instance/U4792                  | A1 v -> ZN ^ | AOI22D4  | 0.077 |   1.577 |    0.526 | 
     | core_instance0/sfp_instance/U4791                  | A2 ^ -> ZN v | CKND2D8  | 0.088 |   1.665 |    0.614 | 
     | core_instance0/sfp_instance/U2588                  | A1 v -> ZN ^ | NR2XD2   | 0.054 |   1.719 |    0.668 | 
     | core_instance0/sfp_instance/U23710                 | A1 ^ -> ZN v | NR2XD1   | 0.031 |   1.750 |    0.699 | 
     | core_instance0/sfp_instance/U10453                 | A1 v -> ZN ^ | ND2D2    | 0.034 |   1.784 |    0.733 | 
     | core_instance0/sfp_instance/U10383                 | A2 ^ -> ZN v | CKND2D8  | 0.038 |   1.822 |    0.771 | 
     | core_instance0/sfp_instance/U24915                 | A1 v -> ZN ^ | AOI21D1  | 0.057 |   1.879 |    0.828 | 
     | core_instance0/sfp_instance/U8395                  | A1 ^ -> Z v  | CKXOR2D1 | 0.110 |   1.988 |    0.937 | 
     | core_instance0/sfp_instance/U20228                 | A1 v -> ZN ^ | AOI22D2  | 0.057 |   2.045 |    0.994 | 
     | core_instance0/sfp_instance/U31505                 | A1 ^ -> ZN v | CKND2D3  | 0.037 |   2.082 |    1.031 | 
     | core_instance0/sfp_instance/U20527                 | A1 v -> ZN ^ | AOI21D4  | 0.056 |   2.138 |    1.087 | 
     | core_instance0/sfp_instance/U23925                 | A1 ^ -> ZN v | ND2D8    | 0.074 |   2.212 |    1.161 | 
     | core_instance0/sfp_instance/U24144                 | A1 v -> ZN ^ | NR2XD1   | 0.073 |   2.285 |    1.234 | 
     | core_instance0/sfp_instance/U1731                  | A2 ^ -> ZN v | NR2D1    | 0.044 |   2.329 |    1.278 | 
     | core_instance0/sfp_instance/U13316                 | I v -> ZN ^  | INVD0    | 0.055 |   2.383 |    1.332 | 
     | core_instance0/sfp_instance/U5984                  | A1 ^ -> Z ^  | OR2D1    | 0.061 |   2.444 |    1.393 | 
     | core_instance0/sfp_instance/U5413                  | A2 ^ -> ZN v | NR2XD0   | 0.034 |   2.479 |    1.427 | 
     | core_instance0/sfp_instance/U18011                 | A1 v -> ZN ^ | NR2XD1   | 0.029 |   2.507 |    1.456 | 
     | core_instance0/sfp_instance/U33999                 | A1 ^ -> Z v  | CKXOR2D1 | 0.088 |   2.595 |    1.544 | 
     | core_instance0/sfp_instance/U5454                  | A1 v -> ZN ^ | ND2D2    | 0.023 |   2.618 |    1.567 | 
     | core_instance0/sfp_instance/U28087                 | I ^ -> ZN v  | INVD2    | 0.017 |   2.636 |    1.585 | 
     | core_instance0/sfp_instance/U29696                 | A1 v -> ZN ^ | NR2D3    | 0.044 |   2.679 |    1.628 | 
     | core_instance0/sfp_instance/U16352                 | A1 ^ -> ZN v | CKND2D8  | 0.064 |   2.743 |    1.692 | 
     | core_instance0/sfp_instance/U6685                  | A1 v -> ZN ^ | CKND2D4  | 0.037 |   2.780 |    1.729 | 
     | core_instance0/sfp_instance/U9749                  | A1 ^ -> ZN v | ND2D2    | 0.045 |   2.825 |    1.774 | 
     | core_instance0/sfp_instance/U5593                  | A2 v -> ZN ^ | NR2XD4   | 0.045 |   2.870 |    1.819 | 
     | core_instance0/sfp_instance/U20091                 | A2 ^ -> ZN v | CKND2D4  | 0.029 |   2.899 |    1.848 | 
     | core_instance0/sfp_instance/U4321                  | A2 v -> ZN ^ | NR2D4    | 0.048 |   2.948 |    1.897 | 
     | core_instance0/sfp_instance/U4320                  | A1 ^ -> ZN v | NR2D8    | 0.036 |   2.984 |    1.933 | 
     | core_instance0/sfp_instance/FE_OFC10571_n35333     | I v -> ZN ^  | INVD8    | 0.029 |   3.013 |    1.962 | 
     | core_instance0/sfp_instance/U21152                 | A2 ^ -> ZN v | ND2D8    | 0.043 |   3.056 |    2.004 | 
     | core_instance0/sfp_instance/U6469                  | A2 v -> ZN ^ | CKND2D8  | 0.040 |   3.095 |    2.044 | 
     | core_instance0/sfp_instance/FE_OFC11535_n1526      | I ^ -> ZN v  | INVD4    | 0.025 |   3.120 |    2.069 | 
     | core_instance0/sfp_instance/U19500                 | A1 v -> ZN ^ | ND2D8    | 0.032 |   3.152 |    2.101 | 
     | core_instance0/sfp_instance/FE_OFC6832_n28516      | I ^ -> Z ^   | BUFFD16  | 0.046 |   3.198 |    2.147 | 
     | core_instance0/sfp_instance/FE_RC_3153_0           | A1 ^ -> Z ^  | OA21D4   | 0.065 |   3.262 |    2.211 | 
     | core_instance0/sfp_instance/U7118                  | A1 ^ -> ZN v | ND3D8    | 0.059 |   3.321 |    2.270 | 
     | core_instance0/sfp_instance/U15870                 | A1 v -> ZN ^ | ND2D2    | 0.038 |   3.359 |    2.308 | 
     | core_instance0/sfp_instance/U4259                  | A1 ^ -> ZN v | ND2D3    | 0.046 |   3.405 |    2.354 | 
     | core_instance0/sfp_instance/FE_RC_4467_0           | A2 v -> ZN ^ | NR3D3    | 0.056 |   3.461 |    2.410 | 
     | core_instance0/sfp_instance/FE_RC_4172_0           | A2 ^ -> ZN v | NR2XD3   | 0.040 |   3.500 |    2.449 | 
     | core_instance0/sfp_instance/U24239                 | B1 v -> ZN ^ | AOI22D4  | 0.089 |   3.589 |    2.538 | 
     | core_instance0/sfp_instance/U6                     | A1 ^ -> ZN v | NR2XD4   | 0.051 |   3.640 |    2.589 | 
     | core_instance0/sfp_instance/FE_OFC8867_n32250      | I v -> ZN ^  | INVD12   | 0.032 |   3.673 |    2.622 | 
     | core_instance0/sfp_instance/FE_RC_9189_0           | B1 ^ -> ZN v | IND2D4   | 0.030 |   3.703 |    2.652 | 
     | core_instance0/sfp_instance/sfp_out_sign1_reg_2_   | D v          | DFCNQD1  | 0.000 |   3.703 |    2.652 | 
     +-----------------------------------------------------------------------------------------------------------+ 
Path 3: VIOLATED Setup Check with Pin core_instance0/sfp_instance/sfp_out_sign3_
reg_1_/CP 
Endpoint:   core_instance0/sfp_instance/sfp_out_sign3_reg_1_/D      (^) checked 
with  leading edge of 'clk'
Beginpoint: core_instance0/sfp_instance/fifo_inst_int/out_reg_13_/Q (v) 
triggered by  leading edge of 'clk'
Path Groups: {clk}
Analysis View: WC_VIEW
Other End Arrival Time          1.691
- Setup                         0.041
+ Phase Shift                   1.000
+ CPPR Adjustment               0.000
= Required Time                 2.650
- Arrival Time                  3.700
= Slack Time                   -1.049
     Clock Rise Edge                 0.000
     + Clock Network Latency (Prop)  0.194
     = Beginpoint Arrival Time       0.194
     +-----------------------------------------------------------------------------------------------------------+ 
     |                      Instance                      |     Arc      |   Cell   | Delay | Arrival | Required | 
     |                                                    |              |          |       |  Time   |   Time   | 
     |----------------------------------------------------+--------------+----------+-------+---------+----------| 
     | core_instance0/sfp_instance/fifo_inst_int/out_reg_ | CP ^         |          |       |   0.194 |   -0.855 | 
     | 13_                                                |              |          |       |         |          | 
     | core_instance0/sfp_instance/fifo_inst_int/out_reg_ | CP ^ -> Q v  | EDFCNQD4 | 0.163 |   0.357 |   -0.693 | 
     | 13_                                                |              |          |       |         |          | 
     | core_instance0/sfp_instance/FE_RC_3900_0           | I v -> Z v   | BUFFD16  | 0.056 |   0.413 |   -0.636 | 
     | core_instance0/sfp_instance/FE_OCPC13601_FE_OFN113 | I v -> ZN ^  | INVD12   | 0.039 |   0.452 |   -0.597 | 
     | 47_sum_this_core_13_                               |              |          |       |         |          | 
     | core_instance0/sfp_instance/U3717_dup              | A1 ^ -> ZN v | ND2D2    | 0.033 |   0.485 |   -0.565 | 
     | core_instance0/sfp_instance/U15873                 | A1 v -> ZN ^ | ND2D2    | 0.030 |   0.515 |   -0.535 | 
     | core_instance0/sfp_instance/U15874_dup             | I ^ -> ZN v  | INVD2    | 0.026 |   0.540 |   -0.509 | 
     | core_instance0/sfp_instance/FE_RC_1633_0           | A1 v -> ZN ^ | CKND2D2  | 0.030 |   0.570 |   -0.479 | 
     | core_instance0/sfp_instance/FE_RC_1631_0           | B2 ^ -> ZN v | IND3D4   | 0.062 |   0.632 |   -0.417 | 
     | core_instance0/sfp_instance/U3291                  | A2 v -> ZN ^ | NR2XD0   | 0.058 |   0.690 |   -0.360 | 
     | core_instance0/sfp_instance/U24585                 | A1 ^ -> ZN v | CKND2D2  | 0.034 |   0.724 |   -0.325 | 
     | core_instance0/sfp_instance/FE_RC_9307_0           | B1 v -> ZN ^ | IND2D1   | 0.032 |   0.756 |   -0.293 | 
     | core_instance0/sfp_instance/U21470                 | A1 ^ -> ZN v | CKND2D2  | 0.033 |   0.789 |   -0.261 | 
     | core_instance0/sfp_instance/U21468                 | A1 v -> ZN ^ | ND2D4    | 0.040 |   0.829 |   -0.221 | 
     | core_instance0/sfp_instance/U6172                  | A2 ^ -> ZN v | ND3D4    | 0.061 |   0.890 |   -0.160 | 
     | core_instance0/sfp_instance/FE_RC_1450_0           | A4 v -> ZN ^ | NR4D4    | 0.097 |   0.987 |   -0.063 | 
     | core_instance0/sfp_instance/FE_RC_1445_0           | A3 ^ -> ZN v | ND3D8    | 0.063 |   1.049 |   -0.000 | 
     | core_instance0/sfp_instance/U16707                 | A1 v -> ZN ^ | ND2D2    | 0.028 |   1.077 |    0.028 | 
     | core_instance0/sfp_instance/U14219                 | I ^ -> ZN v  | INVD2    | 0.021 |   1.099 |    0.049 | 
     | core_instance0/sfp_instance/FE_RC_348_0            | A1 v -> ZN ^ | ND3D4    | 0.030 |   1.129 |    0.079 | 
     | core_instance0/sfp_instance/U5909                  | A2 ^ -> ZN v | ND2D8    | 0.063 |   1.192 |    0.142 | 
     | core_instance0/sfp_instance/U7202                  | A1 v -> ZN ^ | ND2D3    | 0.034 |   1.226 |    0.176 | 
     | core_instance0/sfp_instance/U10633                 | I ^ -> ZN v  | CKND2    | 0.020 |   1.245 |    0.196 | 
     | core_instance0/sfp_instance/U14146                 | A2 v -> ZN ^ | ND2D2    | 0.021 |   1.266 |    0.217 | 
     | core_instance0/sfp_instance/U14099                 | I ^ -> ZN v  | CKND2    | 0.021 |   1.288 |    0.238 | 
     | core_instance0/sfp_instance/U14087                 | A1 v -> ZN ^ | ND2D3    | 0.021 |   1.309 |    0.259 | 
     | core_instance0/sfp_instance/U4910                  | A1 ^ -> ZN v | ND2D4    | 0.040 |   1.348 |    0.299 | 
     | core_instance0/sfp_instance/U14028                 | A1 v -> ZN ^ | ND2D8    | 0.034 |   1.383 |    0.333 | 
     | core_instance0/sfp_instance/U2820                  | A2 ^ -> ZN v | ND2D8    | 0.033 |   1.416 |    0.367 | 
     | core_instance0/sfp_instance/U20733                 | A2 v -> ZN ^ | ND2D8    | 0.031 |   1.447 |    0.397 | 
     | core_instance0/sfp_instance/FE_OCPC13186_n16819    | I ^ -> ZN v  | INVD6    | 0.019 |   1.465 |    0.416 | 
     | core_instance0/sfp_instance/U15951                 | A1 v -> ZN ^ | ND2D8    | 0.026 |   1.491 |    0.442 | 
     | core_instance0/sfp_instance/FE_RC_295_0            | A1 ^ -> ZN v | OAI21D4  | 0.033 |   1.524 |    0.474 | 
     | core_instance0/sfp_instance/U22296                 | A1 v -> ZN ^ | NR2D4    | 0.033 |   1.556 |    0.507 | 
     | core_instance0/sfp_instance/U18715                 | A1 ^ -> ZN v | ND2D2    | 0.032 |   1.589 |    0.539 | 
     | core_instance0/sfp_instance/U13937                 | A1 v -> ZN ^ | ND2D4    | 0.028 |   1.616 |    0.567 | 
     | core_instance0/sfp_instance/U7266                  | A1 ^ -> ZN v | ND2D8    | 0.077 |   1.693 |    0.644 | 
     | core_instance0/sfp_instance/U16628                 | A1 v -> ZN ^ | ND2D4    | 0.051 |   1.745 |    0.695 | 
     | core_instance0/sfp_instance/U5923                  | A1 ^ -> ZN v | CKND2D2  | 0.026 |   1.770 |    0.721 | 
     | core_instance0/sfp_instance/U5922                  | I v -> ZN ^  | CKND2    | 0.022 |   1.792 |    0.743 | 
     | core_instance0/sfp_instance/U15991                 | A1 ^ -> ZN v | CKND2D4  | 0.030 |   1.822 |    0.773 | 
     | core_instance0/sfp_instance/U15988                 | A1 v -> ZN ^ | ND2D4    | 0.029 |   1.851 |    0.801 | 
     | core_instance0/sfp_instance/U18721                 | A1 ^ -> ZN v | ND2D8    | 0.040 |   1.890 |    0.841 | 
     | core_instance0/sfp_instance/U25152                 | A1 v -> ZN ^ | ND2D4    | 0.029 |   1.919 |    0.870 | 
     | core_instance0/sfp_instance/U24552                 | I ^ -> ZN v  | CKND4    | 0.021 |   1.940 |    0.891 | 
     | core_instance0/sfp_instance/U6966                  | A2 v -> ZN ^ | ND2D8    | 0.033 |   1.973 |    0.924 | 
     | core_instance0/sfp_instance/U18716                 | A2 ^ -> ZN v | ND2D8    | 0.046 |   2.019 |    0.970 | 
     | core_instance0/sfp_instance/U28738                 | A1 v -> Z v  | AO21D1   | 0.074 |   2.093 |    1.043 | 
     | core_instance0/sfp_instance/U30436                 | A2 v -> ZN ^ | ND2D3    | 0.042 |   2.135 |    1.085 | 
     | core_instance0/sfp_instance/FE_RC_4666_0           | A2 ^ -> ZN v | ND3D8    | 0.079 |   2.213 |    1.164 | 
     | core_instance0/sfp_instance/U1794                  | A1 v -> ZN ^ | NR2XD1   | 0.104 |   2.317 |    1.268 | 
     | core_instance0/sfp_instance/FE_RC_2045_0           | B1 ^ -> ZN v | INR3D1   | 0.048 |   2.366 |    1.316 | 
     | core_instance0/sfp_instance/U16657                 | A2 v -> ZN ^ | ND2D2    | 0.033 |   2.398 |    1.349 | 
     | core_instance0/sfp_instance/U1611                  | A2 ^ -> ZN v | ND2D4    | 0.045 |   2.443 |    1.394 | 
     | core_instance0/sfp_instance/U1595                  | A1 v -> ZN ^ | ND2D8    | 0.031 |   2.474 |    1.425 | 
     | core_instance0/sfp_instance/U22169                 | A1 ^ -> ZN v | CKND2D8  | 0.034 |   2.509 |    1.459 | 
     | core_instance0/sfp_instance/U29977                 | A1 v -> ZN ^ | ND2D4    | 0.041 |   2.549 |    1.500 | 
     | core_instance0/sfp_instance/U16675_dup             | A1 ^ -> ZN v | NR2D8    | 0.032 |   2.582 |    1.532 | 
     | core_instance0/sfp_instance/U16670                 | A1 v -> ZN ^ | AOI22D2  | 0.052 |   2.634 |    1.584 | 
     | core_instance0/sfp_instance/U20665                 | A1 ^ -> ZN v | CKND2D4  | 0.058 |   2.691 |    1.642 | 
     | core_instance0/sfp_instance/U12653                 | I v -> ZN ^  | CKND6    | 0.033 |   2.725 |    1.675 | 
     | core_instance0/sfp_instance/U15676                 | A2 ^ -> ZN v | ND2D8    | 0.053 |   2.778 |    1.729 | 
     | core_instance0/sfp_instance/U843                   | A1 v -> ZN ^ | NR2XD1   | 0.067 |   2.845 |    1.795 | 
     | core_instance0/sfp_instance/U702                   | A1 ^ -> ZN v | OAI21D1  | 0.059 |   2.904 |    1.854 | 
     | core_instance0/sfp_instance/U31428                 | B v -> ZN ^  | AOI21D4  | 0.072 |   2.976 |    1.927 | 
     | core_instance0/sfp_instance/U11875                 | A1 ^ -> Z ^  | OA21D4   | 0.074 |   3.050 |    2.001 | 
     | core_instance0/sfp_instance/U22519                 | A2 ^ -> ZN v | CKND2D4  | 0.028 |   3.078 |    2.029 | 
     | core_instance0/sfp_instance/U22342                 | A1 v -> ZN ^ | AOI21D4  | 0.053 |   3.131 |    2.081 | 
     | core_instance0/sfp_instance/U17976                 | A1 ^ -> ZN v | ND2D8    | 0.074 |   3.204 |    2.155 | 
     | core_instance0/sfp_instance/U17970                 | A2 v -> ZN ^ | NR2D1    | 0.079 |   3.283 |    2.234 | 
     | core_instance0/sfp_instance/U413                   | A1 ^ -> ZN v | NR3D2    | 0.054 |   3.337 |    2.288 | 
     | core_instance0/sfp_instance/U18788                 | A2 v -> ZN ^ | ND2D8    | 0.046 |   3.383 |    2.334 | 
     | core_instance0/sfp_instance/U219                   | A1 ^ -> ZN v | NR2D3    | 0.030 |   3.413 |    2.363 | 
     | core_instance0/sfp_instance/U32835                 | I v -> ZN ^  | INVD1    | 0.052 |   3.464 |    2.415 | 
     | core_instance0/sfp_instance/U32836                 | A1 ^ -> ZN v | ND3D1    | 0.052 |   3.516 |    2.467 | 
     | core_instance0/sfp_instance/U19704                 | A2 v -> ZN ^ | ND3D2    | 0.037 |   3.554 |    2.504 | 
     | core_instance0/sfp_instance/U19703                 | A1 ^ -> ZN v | NR2XD1   | 0.032 |   3.586 |    2.536 | 
     | core_instance0/sfp_instance/U18778                 | A1 v -> ZN ^ | ND2D4    | 0.032 |   3.618 |    2.568 | 
     | core_instance0/sfp_instance/U18205                 | A1 ^ -> ZN v | CKND2D1  | 0.030 |   3.648 |    2.598 | 
     | core_instance0/sfp_instance/U16757                 | A1 v -> ZN ^ | OAI21D1  | 0.052 |   3.700 |    2.650 | 
     | core_instance0/sfp_instance/sfp_out_sign3_reg_1_   | D ^          | DFCNQD1  | 0.000 |   3.700 |    2.650 | 
     +-----------------------------------------------------------------------------------------------------------+ 
Path 4: VIOLATED Setup Check with Pin core_instance0/sfp_instance/fifo_inst_int/
out_reg_21_/CP 
Endpoint:   core_instance0/sfp_instance/fifo_inst_int/out_reg_21_/E (^) checked 
with  leading edge of 'clk'
Beginpoint: core_instance0/sfp_instance/div_q_reg/Q                 (^) 
triggered by  leading edge of 'clk'
Path Groups: {clk}
Analysis View: WC_VIEW
Other End Arrival Time          0.192
- Setup                         0.096
+ Phase Shift                   1.000
+ CPPR Adjustment               0.000
= Required Time                 1.096
- Arrival Time                  2.137
= Slack Time                   -1.041
     Clock Rise Edge                 0.000
     + Clock Network Latency (Prop)  1.611
     = Beginpoint Arrival Time       1.611
     +----------------------------------------------------------------------------------------------------------+ 
     |                      Instance                      |     Arc     |   Cell   | Delay | Arrival | Required | 
     |                                                    |             |          |       |  Time   |   Time   | 
     |----------------------------------------------------+-------------+----------+-------+---------+----------| 
     | core_instance0/sfp_instance/div_q_reg              | CP ^        |          |       |   1.611 |    0.570 | 
     | core_instance0/sfp_instance/div_q_reg              | CP ^ -> Q ^ | DFCNQD1  | 0.368 |   1.979 |    0.938 | 
     | core_instance0/sfp_instance/fifo_inst_int/FE_RC_93 | A2 ^ -> Z ^ | AN2D8    | 0.152 |   2.131 |    1.090 | 
     | 96_0                                               |             |          |       |         |          | 
     | core_instance0/sfp_instance/fifo_inst_int/out_reg_ | E ^         | EDFCNQD4 | 0.006 |   2.137 |    1.096 | 
     | 21_                                                |             |          |       |         |          | 
     +----------------------------------------------------------------------------------------------------------+ 
Path 5: VIOLATED Setup Check with Pin core_instance0/sfp_instance/fifo_inst_int/
out_reg_17_/CP 
Endpoint:   core_instance0/sfp_instance/fifo_inst_int/out_reg_17_/E (^) checked 
with  leading edge of 'clk'
Beginpoint: core_instance0/sfp_instance/div_q_reg/Q                 (^) 
triggered by  leading edge of 'clk'
Path Groups: {clk}
Analysis View: WC_VIEW
Other End Arrival Time          0.193
- Setup                         0.096
+ Phase Shift                   1.000
+ CPPR Adjustment               0.000
= Required Time                 1.097
- Arrival Time                  2.137
= Slack Time                   -1.039
     Clock Rise Edge                 0.000
     + Clock Network Latency (Prop)  1.611
     = Beginpoint Arrival Time       1.611
     +----------------------------------------------------------------------------------------------------------+ 
     |                      Instance                      |     Arc     |   Cell   | Delay | Arrival | Required | 
     |                                                    |             |          |       |  Time   |   Time   | 
     |----------------------------------------------------+-------------+----------+-------+---------+----------| 
     | core_instance0/sfp_instance/div_q_reg              | CP ^        |          |       |   1.611 |    0.572 | 
     | core_instance0/sfp_instance/div_q_reg              | CP ^ -> Q ^ | DFCNQD1  | 0.368 |   1.979 |    0.939 | 
     | core_instance0/sfp_instance/fifo_inst_int/FE_RC_93 | A2 ^ -> Z ^ | AN2D8    | 0.152 |   2.131 |    1.091 | 
     | 96_0                                               |             |          |       |         |          | 
     | core_instance0/sfp_instance/fifo_inst_int/out_reg_ | E ^         | EDFCNQD4 | 0.006 |   2.137 |    1.097 | 
     | 17_                                                |             |          |       |         |          | 
     +----------------------------------------------------------------------------------------------------------+ 

