###############################################################
#  Generated by:      Cadence Innovus 15.23-s045_1
#  OS:                Linux x86_64(Host ID ieng6-ece-04.ucsd.edu)
#  Generated on:      Sun Mar 16 13:41:25 2025
#  Design:            core
#  Command:           report_timing -max_paths 5 > ${design}.post_route.timing.rpt
###############################################################
Path 1: VIOLATED Setup Check with Pin sfp_instance/sfp_out_sign4_reg_0_/CP 
Endpoint:   sfp_instance/sfp_out_sign4_reg_0_/D (^) checked with  leading edge 
of 'clk'
Beginpoint: psum_mem_instance/Q_reg_89_/Q       (^) triggered by  leading edge 
of 'clk'
Path Groups: {clk}
Analysis View: WC_VIEW
Other End Arrival Time          0.791
- Setup                         0.025
+ Phase Shift                   1.000
+ CPPR Adjustment               0.000
= Required Time                 1.766
- Arrival Time                  4.421
= Slack Time                   -2.655
     Clock Rise Edge                 0.000
     + Clock Network Latency (Prop)  0.590
     = Beginpoint Arrival Time       0.590
     +------------------------------------------------------------------------------------------------+ 
     |                Instance                |      Arc      |   Cell   | Delay | Arrival | Required | 
     |                                        |               |          |       |  Time   |   Time   | 
     |----------------------------------------+---------------+----------+-------+---------+----------| 
     | psum_mem_instance/Q_reg_89_            | CP ^          |          |       |   0.590 |   -2.065 | 
     | psum_mem_instance/Q_reg_89_            | CP ^ -> Q ^   | EDFQD4   | 0.164 |   0.754 |   -1.901 | 
     | sfp_instance/FE_OFC2671_out_89_        | I ^ -> ZN v   | INVD2    | 0.026 |   0.780 |   -1.875 | 
     | sfp_instance/U16061                    | A1 v -> ZN ^  | CKND2D4  | 0.024 |   0.804 |   -1.851 | 
     | sfp_instance/U16015                    | A2 ^ -> ZN v  | NR2XD2   | 0.031 |   0.835 |   -1.820 | 
     | sfp_instance/U15979                    | I v -> ZN ^   | INVD1    | 0.036 |   0.871 |   -1.784 | 
     | sfp_instance/U8102                     | A1 ^ -> ZN v  | NR2XD1   | 0.032 |   0.903 |   -1.752 | 
     | sfp_instance/U12277                    | A1 v -> ZN ^  | CKND2D2  | 0.030 |   0.934 |   -1.721 | 
     | sfp_instance/FE_RC_13198_0             | I ^ -> ZN v   | CKND1    | 0.027 |   0.961 |   -1.694 | 
     | sfp_instance/FE_RC_13197_0             | A1 v -> ZN ^  | OAI22D2  | 0.037 |   0.998 |   -1.657 | 
     | sfp_instance/FE_RC_12396_0             | A1 ^ -> ZN v  | ND2D2    | 0.053 |   1.051 |   -1.604 | 
     | sfp_instance/FE_RC_12395_0             | A1 v -> ZN ^  | ND2D8    | 0.043 |   1.094 |   -1.561 | 
     | sfp_instance/U28688                    | A1 ^ -> ZN v  | NR2D8    | 0.027 |   1.121 |   -1.534 | 
     | sfp_instance/U28719                    | CIN v -> CO ^ | FICIND1  | 0.128 |   1.249 |   -1.406 | 
     | sfp_instance/FE_RC_13041_0             | B1 ^ -> ZN v  | IND2D1   | 0.032 |   1.281 |   -1.374 | 
     | sfp_instance/FE_RC_13040_0             | B v -> ZN ^   | IOA21D1  | 0.025 |   1.306 |   -1.349 | 
     | sfp_instance/U27583                    | I ^ -> ZN v   | INVD1    | 0.020 |   1.327 |   -1.328 | 
     | sfp_instance/U7822                     | A2 v -> ZN ^  | NR2D1    | 0.057 |   1.383 |   -1.272 | 
     | sfp_instance/U14583                    | A1 ^ -> Z ^   | AO21D4   | 0.073 |   1.457 |   -1.198 | 
     | sfp_instance/U26421                    | A2 ^ -> ZN v  | ND2D8    | 0.035 |   1.492 |   -1.163 | 
     | sfp_instance/U11507                    | A2 v -> ZN ^  | ND2D8    | 0.027 |   1.518 |   -1.137 | 
     | sfp_instance/U2543                     | A1 ^ -> ZN v  | NR2D8    | 0.022 |   1.541 |   -1.114 | 
     | sfp_instance/U2567                     | A1 v -> ZN ^  | CKND2D4  | 0.023 |   1.564 |   -1.091 | 
     | sfp_instance/U7773                     | B ^ -> ZN v   | OAI21D4  | 0.060 |   1.623 |   -1.032 | 
     | sfp_instance/FE_OCPC8567_n21309        | I v -> ZN ^   | CKND4    | 0.029 |   1.653 |   -1.002 | 
     | sfp_instance/U14408                    | A1 ^ -> ZN v  | ND2D4    | 0.026 |   1.678 |   -0.977 | 
     | sfp_instance/U3301                     | A1 v -> ZN ^  | ND2D3    | 0.027 |   1.705 |   -0.950 | 
     | sfp_instance/U11436                    | A1 ^ -> ZN v  | CKND2D3  | 0.027 |   1.732 |   -0.923 | 
     | sfp_instance/FE_RC_270_0               | A2 v -> ZN ^  | OAI21D4  | 0.052 |   1.784 |   -0.871 | 
     | sfp_instance/FE_RC_4439_0              | A1 ^ -> ZN v  | ND3D8    | 0.072 |   1.856 |   -0.799 | 
     | sfp_instance/U18539_dup1               | A1 v -> ZN ^  | OAI21D4  | 0.073 |   1.929 |   -0.726 | 
     | sfp_instance/U18538                    | A1 ^ -> ZN v  | NR2D8    | 0.031 |   1.960 |   -0.695 | 
     | sfp_instance/U2547                     | A1 v -> ZN ^  | ND2D4    | 0.025 |   1.985 |   -0.670 | 
     | sfp_instance/U9130                     | A1 ^ -> ZN v  | CKND2D8  | 0.035 |   2.020 |   -0.635 | 
     | sfp_instance/U21097                    | A2 v -> ZN ^  | NR2XD8   | 0.055 |   2.075 |   -0.580 | 
     | sfp_instance/FE_OFC7593_n21256         | I ^ -> ZN v   | INVD12   | 0.034 |   2.109 |   -0.546 | 
     | sfp_instance/FE_RC_310_0               | A1 v -> ZN ^  | OAI22D4  | 0.066 |   2.175 |   -0.480 | 
     | sfp_instance/U25251_dup_dup            | A1 ^ -> ZN v  | CKND2D8  | 0.062 |   2.237 |   -0.418 | 
     | sfp_instance/U1211                     | A1 v -> ZN ^  | ND2D3    | 0.030 |   2.268 |   -0.387 | 
     | sfp_instance/U7600                     | A1 ^ -> ZN v  | CKND2D2  | 0.030 |   2.297 |   -0.358 | 
     | sfp_instance/U28829                    | A1 v -> ZN ^  | ND2D2    | 0.021 |   2.318 |   -0.337 | 
     | sfp_instance/FE_RC_69_0_dup            | A1 ^ -> Z ^   | AN2D4    | 0.053 |   2.371 |   -0.284 | 
     | sfp_instance/U27068                    | A2 ^ -> ZN v  | AOI31D4  | 0.048 |   2.420 |   -0.235 | 
     | sfp_instance/U21106                    | A2 v -> ZN ^  | ND2D4    | 0.038 |   2.457 |   -0.198 | 
     | sfp_instance/U13939                    | A1 ^ -> ZN v  | ND2D8    | 0.043 |   2.500 |   -0.155 | 
     | sfp_instance/U8979_dup                 | A1 v -> ZN ^  | ND2D8    | 0.033 |   2.534 |   -0.121 | 
     | sfp_instance/U6313                     | I ^ -> ZN v   | INVD12   | 0.024 |   2.558 |   -0.097 | 
     | sfp_instance/U6723                     | A1 v -> ZN ^  | ND2D8    | 0.036 |   2.593 |   -0.062 | 
     | sfp_instance/FE_RC_4795_0              | A1 ^ -> ZN v  | OAI22D4  | 0.037 |   2.631 |   -0.024 | 
     | sfp_instance/U27246                    | A1 v -> ZN ^  | NR2D3    | 0.044 |   2.675 |    0.020 | 
     | sfp_instance/U5889                     | A1 ^ -> ZN v  | ND3D4    | 0.047 |   2.722 |    0.067 | 
     | sfp_instance/FE_OFC6088_n22617         | I v -> ZN ^   | CKND6    | 0.037 |   2.759 |    0.104 | 
     | sfp_instance/FE_OFC6089_n22617         | I ^ -> ZN v   | INVD16   | 0.027 |   2.787 |    0.132 | 
     | sfp_instance/U29002_dup                | A1 v -> ZN ^  | NR2D3    | 0.041 |   2.828 |    0.173 | 
     | sfp_instance/U4594                     | A2 ^ -> ZN v  | OAI21D4  | 0.052 |   2.880 |    0.225 | 
     | sfp_instance/FE_RC_4754_0              | A2 v -> ZN ^  | OAI211D4 | 0.048 |   2.929 |    0.274 | 
     | sfp_instance/FE_OCPC13755_FE_RN_2000_0 | I ^ -> ZN v   | CKND2    | 0.030 |   2.958 |    0.303 | 
     | sfp_instance/FE_RC_9543_0              | A2 v -> ZN ^  | AOI21D4  | 0.086 |   3.044 |    0.389 | 
     | sfp_instance/FE_OFC6540_n12520         | I ^ -> ZN v   | CKND4    | 0.035 |   3.080 |    0.425 | 
     | sfp_instance/U29156                    | A1 v -> ZN ^  | CKND2D2  | 0.049 |   3.129 |    0.474 | 
     | sfp_instance/U29157                    | A1 ^ -> ZN v  | NR2D8    | 0.043 |   3.172 |    0.517 | 
     | sfp_instance/U29232                    | B1 v -> ZN ^  | AOI22D2  | 0.059 |   3.230 |    0.575 | 
     | sfp_instance/U4567                     | A1 ^ -> ZN v  | ND2D2    | 0.044 |   3.274 |    0.619 | 
     | sfp_instance/U25249                    | A2 v -> ZN ^  | NR2D3    | 0.065 |   3.340 |    0.685 | 
     | sfp_instance/U7225                     | A1 ^ -> ZN v  | CKND2D8  | 0.068 |   3.408 |    0.753 | 
     | sfp_instance/U4579                     | A1 v -> ZN ^  | CKND2D4  | 0.041 |   3.449 |    0.794 | 
     | sfp_instance/U7188                     | A2 ^ -> ZN v  | OAI21D4  | 0.050 |   3.499 |    0.844 | 
     | sfp_instance/U440                      | A1 v -> ZN ^  | ND2D2    | 0.028 |   3.528 |    0.873 | 
     | sfp_instance/U384                      | A1 ^ -> ZN v  | ND2D3    | 0.035 |   3.563 |    0.908 | 
     | sfp_instance/FE_RC_4840_0              | A1 v -> ZN ^  | AOI21D4  | 0.045 |   3.607 |    0.952 | 
     | sfp_instance/U29381                    | I ^ -> ZN v   | INVD1    | 0.038 |   3.645 |    0.990 | 
     | sfp_instance/FE_RC_377_0               | A2 v -> ZN ^  | OAI21D4  | 0.049 |   3.694 |    1.039 | 
     | sfp_instance/U13018                    | A1 ^ -> ZN v  | CKND2D4  | 0.048 |   3.742 |    1.087 | 
     | sfp_instance/U26199                    | A1 v -> ZN ^  | NR2D8    | 0.090 |   3.832 |    1.177 | 
     | sfp_instance/U10405                    | A2 ^ -> ZN v  | CKND2D1  | 0.070 |   3.902 |    1.247 | 
     | sfp_instance/U5737                     | B v -> ZN ^   | OAI21D2  | 0.041 |   3.944 |    1.289 | 
     | sfp_instance/U21828                    | A2 ^ -> ZN v  | NR2XD2   | 0.043 |   3.986 |    1.331 | 
     | sfp_instance/U4578                     | A1 v -> ZN ^  | CKND2D8  | 0.049 |   4.035 |    1.380 | 
     | sfp_instance/U112                      | A1 ^ -> ZN v  | NR2D2    | 0.030 |   4.065 |    1.410 | 
     | sfp_instance/U29759                    | A2 v -> ZN ^  | OAI21D1  | 0.050 |   4.115 |    1.460 | 
     | sfp_instance/U29760                    | B ^ -> ZN v   | AOI21D1  | 0.031 |   4.145 |    1.490 | 
     | sfp_instance/U26731                    | A1 v -> ZN ^  | OAI21D1  | 0.045 |   4.190 |    1.535 | 
     | sfp_instance/FE_RC_182_0               | I ^ -> ZN v   | INVD1    | 0.030 |   4.221 |    1.566 | 
     | sfp_instance/FE_RC_180_0               | A2 v -> ZN ^  | CKND2D3  | 0.027 |   4.248 |    1.593 | 
     | sfp_instance/FE_RC_181_0               | I ^ -> ZN v   | CKND2    | 0.022 |   4.270 |    1.615 | 
     | sfp_instance/U29768                    | A1 v -> ZN ^  | OAI21D4  | 0.047 |   4.317 |    1.662 | 
     | sfp_instance/FE_RC_3714_0              | A2 ^ -> ZN v  | AOI31D1  | 0.064 |   4.381 |    1.726 | 
     | sfp_instance/U31495                    | A3 v -> ZN ^  | ND4D2    | 0.040 |   4.421 |    1.766 | 
     | sfp_instance/sfp_out_sign4_reg_0_      | D ^           | DFCNQD1  | 0.000 |   4.421 |    1.766 | 
     +------------------------------------------------------------------------------------------------+ 
Path 2: VIOLATED Setup Check with Pin sfp_instance/sfp_out_sign5_reg_2_/CP 
Endpoint:   sfp_instance/sfp_out_sign5_reg_2_/D (^) checked with  leading edge 
of 'clk'
Beginpoint: psum_mem_instance/Q_reg_119_/Q      (^) triggered by  leading edge 
of 'clk'
Path Groups: {clk}
Analysis View: WC_VIEW
Other End Arrival Time          0.641
- Setup                         0.033
+ Phase Shift                   1.000
+ CPPR Adjustment               0.000
= Required Time                 1.608
- Arrival Time                  4.256
= Slack Time                   -2.647
     Clock Rise Edge                 0.000
     + Clock Network Latency (Prop)  0.592
     = Beginpoint Arrival Time       0.592
     +------------------------------------------------------------------------------------------+ 
     |             Instance              |     Arc      |   Cell   | Delay | Arrival | Required | 
     |                                   |              |          |       |  Time   |   Time   | 
     |-----------------------------------+--------------+----------+-------+---------+----------| 
     | psum_mem_instance/Q_reg_119_      | CP ^         |          |       |   0.592 |   -2.055 | 
     | psum_mem_instance/Q_reg_119_      | CP ^ -> Q ^  | EDFQD4   | 0.158 |   0.751 |   -1.897 | 
     | FE_OFC4252_out_119_               | I ^ -> ZN v  | INVD6    | 0.030 |   0.781 |   -1.867 | 
     | sfp_instance/FE_RC_15370_0        | A1 v -> ZN v | IND3D4   | 0.079 |   0.859 |   -1.788 | 
     | sfp_instance/FE_RC_3756_0         | I v -> ZN ^  | CKND8    | 0.048 |   0.907 |   -1.740 | 
     | sfp_instance/U29806               | A1 ^ -> ZN v | NR2D3    | 0.030 |   0.936 |   -1.711 | 
     | sfp_instance/U25553               | A1 v -> Z v  | OR2D4    | 0.059 |   0.996 |   -1.651 | 
     | sfp_instance/U2189                | A1 v -> ZN ^ | NR2XD2   | 0.029 |   1.025 |   -1.622 | 
     | sfp_instance/FE_OCPC9400_n24234   | I ^ -> Z ^   | BUFFD8   | 0.050 |   1.075 |   -1.572 | 
     | sfp_instance/U14821               | A1 ^ -> ZN v | CKND2D8  | 0.036 |   1.111 |   -1.536 | 
     | sfp_instance/FE_RC_9278_0         | A1 v -> ZN v | INR2XD4  | 0.066 |   1.177 |   -1.471 | 
     | sfp_instance/FE_RC_1216_0         | A1 v -> ZN ^ | ND2D2    | 0.024 |   1.201 |   -1.446 | 
     | sfp_instance/FE_RC_1214_0         | A2 ^ -> ZN v | NR2D2    | 0.021 |   1.222 |   -1.425 | 
     | sfp_instance/FE_RC_4155_0         | B v -> ZN ^  | AOI31D4  | 0.074 |   1.297 |   -1.351 | 
     | sfp_instance/FE_RC_1208_0         | A2 ^ -> ZN v | CKND2D8  | 0.057 |   1.354 |   -1.293 | 
     | sfp_instance/U18090               | A1 v -> ZN ^ | ND2D4    | 0.032 |   1.386 |   -1.261 | 
     | sfp_instance/U21087               | A2 ^ -> ZN v | CKND2D8  | 0.049 |   1.435 |   -1.212 | 
     | sfp_instance/FE_OCPC11715_n24329  | I v -> ZN ^  | CKND4    | 0.023 |   1.458 |   -1.190 | 
     | sfp_instance/FE_RC_9271_0         | A2 ^ -> ZN v | CKND2D4  | 0.029 |   1.487 |   -1.161 | 
     | sfp_instance/FE_RC_9270_0         | A1 v -> ZN ^ | ND2D8    | 0.037 |   1.524 |   -1.123 | 
     | sfp_instance/U16823               | B ^ -> ZN v  | OAI211D4 | 0.069 |   1.593 |   -1.055 | 
     | sfp_instance/FE_RC_13017_0        | A2 v -> ZN ^ | OAI21D4  | 0.082 |   1.675 |   -0.973 | 
     | sfp_instance/U16982               | A1 ^ -> ZN v | CKND2D4  | 0.048 |   1.722 |   -0.925 | 
     | sfp_instance/U20093               | A1 v -> ZN ^ | ND2D3    | 0.031 |   1.753 |   -0.894 | 
     | sfp_instance/FE_RC_12684_0        | A2 ^ -> ZN v | ND3D4    | 0.047 |   1.800 |   -0.847 | 
     | sfp_instance/FE_RC_1183_0         | B1 v -> ZN ^ | IND2D4   | 0.032 |   1.832 |   -0.815 | 
     | sfp_instance/FE_RC_1182_0         | A1 ^ -> ZN v | CKND2D8  | 0.041 |   1.874 |   -0.774 | 
     | sfp_instance/FE_RC_8825_0         | A1 v -> ZN ^ | ND3D8    | 0.039 |   1.912 |   -0.735 | 
     | sfp_instance/FE_RC_9169_0         | A1 ^ -> ZN v | ND2D8    | 0.044 |   1.957 |   -0.691 | 
     | sfp_instance/U4113                | A1 v -> ZN ^ | CKND2D8  | 0.036 |   1.993 |   -0.654 | 
     | sfp_instance/FE_RC_9273_0         | A1 ^ -> ZN v | ND3D8    | 0.042 |   2.035 |   -0.613 | 
     | sfp_instance/U18119               | A1 v -> ZN ^ | CKND2D4  | 0.035 |   2.070 |   -0.577 | 
     | sfp_instance/U3886                | A1 ^ -> ZN v | NR2D4    | 0.027 |   2.097 |   -0.550 | 
     | sfp_instance/U4922                | A1 v -> ZN ^ | NR2D4    | 0.033 |   2.131 |   -0.517 | 
     | sfp_instance/U18064               | A2 ^ -> ZN v | ND2D4    | 0.032 |   2.163 |   -0.484 | 
     | sfp_instance/U18063               | A1 v -> ZN ^ | ND2D4    | 0.025 |   2.189 |   -0.459 | 
     | sfp_instance/U21073               | A1 ^ -> ZN v | ND2D8    | 0.040 |   2.228 |   -0.419 | 
     | sfp_instance/FE_RC_13106_0        | A1 v -> ZN ^ | ND2D8    | 0.056 |   2.285 |   -0.363 | 
     | sfp_instance/FE_OFC7515_n26371    | I ^ -> ZN v  | CKND12   | 0.039 |   2.323 |   -0.324 | 
     | sfp_instance/U18553_dup           | A1 v -> ZN ^ | ND2D8    | 0.028 |   2.352 |   -0.295 | 
     | sfp_instance/U11082               | I ^ -> ZN v  | INVD8    | 0.021 |   2.373 |   -0.274 | 
     | sfp_instance/FE_RC_9047_0         | B1 v -> ZN ^ | AOI22D4  | 0.059 |   2.432 |   -0.215 | 
     | sfp_instance/U3400                | A1 ^ -> ZN v | CKND2D8  | 0.057 |   2.489 |   -0.158 | 
     | sfp_instance/U18057               | A1 v -> ZN ^ | NR2XD4   | 0.033 |   2.522 |   -0.125 | 
     | sfp_instance/U18056               | I ^ -> ZN v  | INVD6    | 0.026 |   2.548 |   -0.099 | 
     | sfp_instance/U21316_dup           | A1 v -> ZN ^ | ND2D4    | 0.020 |   2.568 |   -0.079 | 
     | sfp_instance/U18073               | I ^ -> ZN v  | INVD4    | 0.016 |   2.584 |   -0.063 | 
     | sfp_instance/U16813               | A2 v -> ZN ^ | AOI21D4  | 0.050 |   2.634 |   -0.013 | 
     | sfp_instance/U19787               | A1 ^ -> ZN v | ND2D8    | 0.064 |   2.698 |    0.051 | 
     | sfp_instance/FE_OCPC8517_n4445    | I v -> ZN ^  | CKND4    | 0.025 |   2.723 |    0.076 | 
     | sfp_instance/U18282               | A1 ^ -> ZN v | CKND2D2  | 0.022 |   2.745 |    0.098 | 
     | sfp_instance/U3380                | A1 v -> ZN ^ | ND2D2    | 0.022 |   2.767 |    0.120 | 
     | sfp_instance/U4027                | A1 ^ -> ZN v | CKND2D2  | 0.020 |   2.788 |    0.141 | 
     | sfp_instance/U4026                | I v -> ZN ^  | CKND2    | 0.022 |   2.810 |    0.163 | 
     | sfp_instance/U4025                | A1 ^ -> ZN v | ND2D4    | 0.036 |   2.846 |    0.199 | 
     | sfp_instance/U18281_dup           | A1 v -> ZN ^ | AOI21D4  | 0.057 |   2.903 |    0.256 | 
     | sfp_instance/U4316                | A1 ^ -> ZN v | CKND2D4  | 0.036 |   2.940 |    0.292 | 
     | sfp_instance/U10715               | B v -> ZN ^  | OAI21D4  | 0.047 |   2.987 |    0.339 | 
     | sfp_instance/U3425                | A1 ^ -> ZN v | ND2D4    | 0.037 |   3.024 |    0.377 | 
     | sfp_instance/U18155               | A1 v -> ZN ^ | ND2D8    | 0.029 |   3.053 |    0.406 | 
     | sfp_instance/U20287               | A1 ^ -> ZN v | ND2D8    | 0.026 |   3.079 |    0.432 | 
     | sfp_instance/U5271                | A1 v -> ZN ^ | ND2D8    | 0.033 |   3.112 |    0.465 | 
     | sfp_instance/U5272_dup            | A1 ^ -> ZN v | CKND2D8  | 0.038 |   3.150 |    0.502 | 
     | sfp_instance/U20279               | A1 v -> ZN ^ | NR2XD4   | 0.027 |   3.176 |    0.529 | 
     | sfp_instance/U5235                | I ^ -> ZN v  | INVD6    | 0.023 |   3.199 |    0.552 | 
     | sfp_instance/U6563                | A1 v -> ZN ^ | ND2D8    | 0.033 |   3.232 |    0.585 | 
     | sfp_instance/FE_OCPC10197_n13722  | I ^ -> ZN v  | INVD4    | 0.020 |   3.253 |    0.605 | 
     | sfp_instance/U18274               | A1 v -> ZN ^ | AOI22D4  | 0.050 |   3.302 |    0.655 | 
     | sfp_instance/U23136               | A1 ^ -> ZN v | CKND2D8  | 0.065 |   3.367 |    0.720 | 
     | sfp_instance/U722                 | A1 v -> ZN ^ | NR2D8    | 0.049 |   3.416 |    0.768 | 
     | sfp_instance/U19345               | A2 ^ -> ZN v | NR2XD4   | 0.041 |   3.456 |    0.809 | 
     | sfp_instance/U19343               | A1 v -> ZN ^ | ND2D4    | 0.024 |   3.481 |    0.833 | 
     | sfp_instance/U20400               | C ^ -> ZN v  | OAI211D4 | 0.074 |   3.555 |    0.908 | 
     | sfp_instance/U10190               | A1 v -> ZN ^ | ND2D4    | 0.044 |   3.599 |    0.951 | 
     | sfp_instance/U8292                | A1 ^ -> ZN v | ND2D8    | 0.039 |   3.637 |    0.990 | 
     | sfp_instance/U6975                | A1 v -> ZN ^ | ND2D8    | 0.035 |   3.672 |    1.025 | 
     | sfp_instance/FE_OCPC8536_n2818    | I ^ -> ZN v  | CKND8    | 0.026 |   3.698 |    1.050 | 
     | sfp_instance/FE_RC_3872_0         | A1 v -> Z v  | AN2D8    | 0.057 |   3.755 |    1.107 | 
     | sfp_instance/U27049               | A1 v -> ZN ^ | CKND2D4  | 0.034 |   3.788 |    1.141 | 
     | sfp_instance/U26106               | A1 ^ -> ZN v | ND3D8    | 0.059 |   3.847 |    1.200 | 
     | sfp_instance/U22991               | A1 v -> ZN ^ | ND2D8    | 0.031 |   3.879 |    1.232 | 
     | sfp_instance/FE_RC_1275_0         | A1 ^ -> ZN v | OAI21D4  | 0.046 |   3.924 |    1.277 | 
     | sfp_instance/U4737                | A1 v -> ZN ^ | ND2D4    | 0.029 |   3.953 |    1.306 | 
     | sfp_instance/U22990               | A1 ^ -> ZN v | CKND2D8  | 0.026 |   3.979 |    1.332 | 
     | sfp_instance/U26827               | A1 v -> ZN ^ | ND2D4    | 0.023 |   4.003 |    1.355 | 
     | sfp_instance/U4741                | A1 ^ -> ZN v | NR2XD4   | 0.022 |   4.025 |    1.378 | 
     | sfp_instance/U4853                | A2 v -> ZN ^ | NR2D8    | 0.047 |   4.072 |    1.425 | 
     | sfp_instance/U5456_dup            | A2 ^ -> ZN v | ND2D8    | 0.038 |   4.110 |    1.463 | 
     | sfp_instance/U20743               | A1 v -> ZN ^ | ND2D8    | 0.037 |   4.147 |    1.500 | 
     | sfp_instance/U3322_dup            | A1 ^ -> ZN v | CKND2D8  | 0.044 |   4.191 |    1.544 | 
     | sfp_instance/U210_dup             | A1 v -> ZN ^ | ND2D8    | 0.026 |   4.217 |    1.570 | 
     | sfp_instance/U9872                | A1 ^ -> ZN v | CKND2D4  | 0.019 |   4.236 |    1.588 | 
     | sfp_instance/U31312               | B v -> ZN ^  | IOA21D2  | 0.020 |   4.256 |    1.608 | 
     | sfp_instance/sfp_out_sign5_reg_2_ | D ^          | DFCNQD1  | 0.000 |   4.256 |    1.608 | 
     +------------------------------------------------------------------------------------------+ 
Path 3: VIOLATED Setup Check with Pin sfp_instance/sfp_out_sign4_reg_1_/CP 
Endpoint:   sfp_instance/sfp_out_sign4_reg_1_/D (^) checked with  leading edge 
of 'clk'
Beginpoint: psum_mem_instance/Q_reg_89_/Q       (^) triggered by  leading edge 
of 'clk'
Path Groups: {clk}
Analysis View: WC_VIEW
Other End Arrival Time          0.791
- Setup                         0.027
+ Phase Shift                   1.000
+ CPPR Adjustment               0.000
= Required Time                 1.764
- Arrival Time                  4.411
= Slack Time                   -2.647
     Clock Rise Edge                 0.000
     + Clock Network Latency (Prop)  0.590
     = Beginpoint Arrival Time       0.590
     +------------------------------------------------------------------------------------------------+ 
     |                Instance                |      Arc      |   Cell   | Delay | Arrival | Required | 
     |                                        |               |          |       |  Time   |   Time   | 
     |----------------------------------------+---------------+----------+-------+---------+----------| 
     | psum_mem_instance/Q_reg_89_            | CP ^          |          |       |   0.590 |   -2.057 | 
     | psum_mem_instance/Q_reg_89_            | CP ^ -> Q ^   | EDFQD4   | 0.164 |   0.754 |   -1.893 | 
     | sfp_instance/FE_OFC2671_out_89_        | I ^ -> ZN v   | INVD2    | 0.026 |   0.780 |   -1.868 | 
     | sfp_instance/U16061                    | A1 v -> ZN ^  | CKND2D4  | 0.024 |   0.804 |   -1.843 | 
     | sfp_instance/U16015                    | A2 ^ -> ZN v  | NR2XD2   | 0.031 |   0.835 |   -1.812 | 
     | sfp_instance/U15979                    | I v -> ZN ^   | INVD1    | 0.036 |   0.871 |   -1.776 | 
     | sfp_instance/U8102                     | A1 ^ -> ZN v  | NR2XD1   | 0.032 |   0.903 |   -1.744 | 
     | sfp_instance/U12277                    | A1 v -> ZN ^  | CKND2D2  | 0.030 |   0.934 |   -1.714 | 
     | sfp_instance/FE_RC_13198_0             | I ^ -> ZN v   | CKND1    | 0.027 |   0.961 |   -1.686 | 
     | sfp_instance/FE_RC_13197_0             | A1 v -> ZN ^  | OAI22D2  | 0.037 |   0.998 |   -1.649 | 
     | sfp_instance/FE_RC_12396_0             | A1 ^ -> ZN v  | ND2D2    | 0.053 |   1.051 |   -1.596 | 
     | sfp_instance/FE_RC_12395_0             | A1 v -> ZN ^  | ND2D8    | 0.043 |   1.094 |   -1.553 | 
     | sfp_instance/U28688                    | A1 ^ -> ZN v  | NR2D8    | 0.027 |   1.121 |   -1.526 | 
     | sfp_instance/U28719                    | CIN v -> CO ^ | FICIND1  | 0.128 |   1.249 |   -1.398 | 
     | sfp_instance/FE_RC_13041_0             | B1 ^ -> ZN v  | IND2D1   | 0.032 |   1.281 |   -1.366 | 
     | sfp_instance/FE_RC_13040_0             | B v -> ZN ^   | IOA21D1  | 0.025 |   1.306 |   -1.341 | 
     | sfp_instance/U27583                    | I ^ -> ZN v   | INVD1    | 0.020 |   1.327 |   -1.321 | 
     | sfp_instance/U7822                     | A2 v -> ZN ^  | NR2D1    | 0.057 |   1.383 |   -1.264 | 
     | sfp_instance/U14583                    | A1 ^ -> Z ^   | AO21D4   | 0.073 |   1.457 |   -1.191 | 
     | sfp_instance/U26421                    | A2 ^ -> ZN v  | ND2D8    | 0.035 |   1.492 |   -1.155 | 
     | sfp_instance/U11507                    | A2 v -> ZN ^  | ND2D8    | 0.027 |   1.518 |   -1.129 | 
     | sfp_instance/U2543                     | A1 ^ -> ZN v  | NR2D8    | 0.022 |   1.541 |   -1.107 | 
     | sfp_instance/U2567                     | A1 v -> ZN ^  | CKND2D4  | 0.023 |   1.564 |   -1.083 | 
     | sfp_instance/U7773                     | B ^ -> ZN v   | OAI21D4  | 0.060 |   1.623 |   -1.024 | 
     | sfp_instance/FE_OCPC8567_n21309        | I v -> ZN ^   | CKND4    | 0.029 |   1.653 |   -0.994 | 
     | sfp_instance/U14408                    | A1 ^ -> ZN v  | ND2D4    | 0.026 |   1.678 |   -0.969 | 
     | sfp_instance/U3301                     | A1 v -> ZN ^  | ND2D3    | 0.027 |   1.705 |   -0.942 | 
     | sfp_instance/U11436                    | A1 ^ -> ZN v  | CKND2D3  | 0.027 |   1.732 |   -0.915 | 
     | sfp_instance/FE_RC_270_0               | A2 v -> ZN ^  | OAI21D4  | 0.052 |   1.784 |   -0.863 | 
     | sfp_instance/FE_RC_4439_0              | A1 ^ -> ZN v  | ND3D8    | 0.072 |   1.856 |   -0.792 | 
     | sfp_instance/U18539_dup1               | A1 v -> ZN ^  | OAI21D4  | 0.073 |   1.929 |   -0.718 | 
     | sfp_instance/U18538                    | A1 ^ -> ZN v  | NR2D8    | 0.031 |   1.960 |   -0.687 | 
     | sfp_instance/U2547                     | A1 v -> ZN ^  | ND2D4    | 0.025 |   1.985 |   -0.662 | 
     | sfp_instance/U9130                     | A1 ^ -> ZN v  | CKND2D8  | 0.035 |   2.020 |   -0.627 | 
     | sfp_instance/U21097                    | A2 v -> ZN ^  | NR2XD8   | 0.055 |   2.075 |   -0.572 | 
     | sfp_instance/FE_OFC7593_n21256         | I ^ -> ZN v   | INVD12   | 0.034 |   2.109 |   -0.538 | 
     | sfp_instance/FE_RC_310_0               | A1 v -> ZN ^  | OAI22D4  | 0.066 |   2.175 |   -0.472 | 
     | sfp_instance/U25251_dup_dup            | A1 ^ -> ZN v  | CKND2D8  | 0.062 |   2.237 |   -0.410 | 
     | sfp_instance/U1211                     | A1 v -> ZN ^  | ND2D3    | 0.030 |   2.268 |   -0.379 | 
     | sfp_instance/U7600                     | A1 ^ -> ZN v  | CKND2D2  | 0.030 |   2.297 |   -0.350 | 
     | sfp_instance/U28829                    | A1 v -> ZN ^  | ND2D2    | 0.021 |   2.318 |   -0.329 | 
     | sfp_instance/FE_RC_69_0_dup            | A1 ^ -> Z ^   | AN2D4    | 0.053 |   2.371 |   -0.276 | 
     | sfp_instance/U27068                    | A2 ^ -> ZN v  | AOI31D4  | 0.048 |   2.420 |   -0.228 | 
     | sfp_instance/U21106                    | A2 v -> ZN ^  | ND2D4    | 0.038 |   2.457 |   -0.190 | 
     | sfp_instance/U13939                    | A1 ^ -> ZN v  | ND2D8    | 0.043 |   2.500 |   -0.147 | 
     | sfp_instance/U8979_dup                 | A1 v -> ZN ^  | ND2D8    | 0.033 |   2.534 |   -0.113 | 
     | sfp_instance/U6313                     | I ^ -> ZN v   | INVD12   | 0.024 |   2.558 |   -0.090 | 
     | sfp_instance/U6723                     | A1 v -> ZN ^  | ND2D8    | 0.036 |   2.593 |   -0.054 | 
     | sfp_instance/FE_RC_4795_0              | A1 ^ -> ZN v  | OAI22D4  | 0.037 |   2.631 |   -0.016 | 
     | sfp_instance/U27246                    | A1 v -> ZN ^  | NR2D3    | 0.044 |   2.675 |    0.028 | 
     | sfp_instance/U5889                     | A1 ^ -> ZN v  | ND3D4    | 0.047 |   2.722 |    0.075 | 
     | sfp_instance/FE_OFC6088_n22617         | I v -> ZN ^   | CKND6    | 0.037 |   2.759 |    0.112 | 
     | sfp_instance/FE_OFC6089_n22617         | I ^ -> ZN v   | INVD16   | 0.027 |   2.787 |    0.140 | 
     | sfp_instance/U29002_dup                | A1 v -> ZN ^  | NR2D3    | 0.041 |   2.828 |    0.181 | 
     | sfp_instance/U4594                     | A2 ^ -> ZN v  | OAI21D4  | 0.052 |   2.880 |    0.233 | 
     | sfp_instance/FE_RC_4754_0              | A2 v -> ZN ^  | OAI211D4 | 0.048 |   2.929 |    0.281 | 
     | sfp_instance/FE_OCPC13755_FE_RN_2000_0 | I ^ -> ZN v   | CKND2    | 0.030 |   2.958 |    0.311 | 
     | sfp_instance/FE_RC_9543_0              | A2 v -> ZN ^  | AOI21D4  | 0.086 |   3.044 |    0.397 | 
     | sfp_instance/FE_OFC6540_n12520         | I ^ -> ZN v   | CKND4    | 0.035 |   3.080 |    0.432 | 
     | sfp_instance/U29156                    | A1 v -> ZN ^  | CKND2D2  | 0.049 |   3.129 |    0.482 | 
     | sfp_instance/U29157                    | A1 ^ -> ZN v  | NR2D8    | 0.043 |   3.172 |    0.525 | 
     | sfp_instance/U29232                    | B1 v -> ZN ^  | AOI22D2  | 0.059 |   3.230 |    0.583 | 
     | sfp_instance/U4567                     | A1 ^ -> ZN v  | ND2D2    | 0.044 |   3.274 |    0.627 | 
     | sfp_instance/U25249                    | A2 v -> ZN ^  | NR2D3    | 0.065 |   3.340 |    0.693 | 
     | sfp_instance/U7225                     | A1 ^ -> ZN v  | CKND2D8  | 0.068 |   3.408 |    0.761 | 
     | sfp_instance/U4579                     | A1 v -> ZN ^  | CKND2D4  | 0.041 |   3.449 |    0.802 | 
     | sfp_instance/U7188                     | A2 ^ -> ZN v  | OAI21D4  | 0.050 |   3.499 |    0.852 | 
     | sfp_instance/U440                      | A1 v -> ZN ^  | ND2D2    | 0.028 |   3.528 |    0.881 | 
     | sfp_instance/U384                      | A1 ^ -> ZN v  | ND2D3    | 0.035 |   3.563 |    0.916 | 
     | sfp_instance/FE_RC_4840_0              | A1 v -> ZN ^  | AOI21D4  | 0.045 |   3.607 |    0.960 | 
     | sfp_instance/U29381                    | I ^ -> ZN v   | INVD1    | 0.038 |   3.645 |    0.998 | 
     | sfp_instance/FE_RC_377_0               | A2 v -> ZN ^  | OAI21D4  | 0.049 |   3.694 |    1.047 | 
     | sfp_instance/U13018                    | A1 ^ -> ZN v  | CKND2D4  | 0.048 |   3.742 |    1.095 | 
     | sfp_instance/U26199                    | A1 v -> ZN ^  | NR2D8    | 0.090 |   3.832 |    1.185 | 
     | sfp_instance/U10405                    | A2 ^ -> ZN v  | CKND2D1  | 0.070 |   3.902 |    1.255 | 
     | sfp_instance/U5737                     | B v -> ZN ^   | OAI21D2  | 0.041 |   3.944 |    1.296 | 
     | sfp_instance/U21828                    | A2 ^ -> ZN v  | NR2XD2   | 0.043 |   3.986 |    1.339 | 
     | sfp_instance/U4578                     | A1 v -> ZN ^  | CKND2D8  | 0.049 |   4.035 |    1.388 | 
     | sfp_instance/U112                      | A1 ^ -> ZN v  | NR2D2    | 0.030 |   4.065 |    1.418 | 
     | sfp_instance/U29759                    | A2 v -> ZN ^  | OAI21D1  | 0.050 |   4.115 |    1.468 | 
     | sfp_instance/U29760                    | B ^ -> ZN v   | AOI21D1  | 0.031 |   4.145 |    1.498 | 
     | sfp_instance/U26731                    | A1 v -> ZN ^  | OAI21D1  | 0.045 |   4.190 |    1.543 | 
     | sfp_instance/FE_RC_182_0               | I ^ -> ZN v   | INVD1    | 0.030 |   4.221 |    1.574 | 
     | sfp_instance/FE_RC_180_0               | A2 v -> ZN ^  | CKND2D3  | 0.027 |   4.248 |    1.600 | 
     | sfp_instance/FE_RC_181_0               | I ^ -> ZN v   | CKND2    | 0.022 |   4.270 |    1.623 | 
     | sfp_instance/U29768                    | A1 v -> ZN ^  | OAI21D4  | 0.047 |   4.317 |    1.670 | 
     | sfp_instance/FE_RC_12763_0             | A1 ^ -> ZN v  | OAI21D1  | 0.045 |   4.362 |    1.715 | 
     | sfp_instance/FE_RC_11952_0             | A2 v -> ZN ^  | OAI21D2  | 0.049 |   4.411 |    1.764 | 
     | sfp_instance/sfp_out_sign4_reg_1_      | D ^           | DFCNQD1  | 0.000 |   4.411 |    1.764 | 
     +------------------------------------------------------------------------------------------------+ 
Path 4: VIOLATED Setup Check with Pin sfp_instance/sfp_out_sign5_reg_3_/CP 
Endpoint:   sfp_instance/sfp_out_sign5_reg_3_/D (^) checked with  leading edge 
of 'clk'
Beginpoint: psum_mem_instance/Q_reg_119_/Q      (^) triggered by  leading edge 
of 'clk'
Path Groups: {clk}
Analysis View: WC_VIEW
Other End Arrival Time          0.598
- Setup                         0.022
+ Phase Shift                   1.000
+ CPPR Adjustment               0.000
= Required Time                 1.575
- Arrival Time                  4.221
= Slack Time                   -2.645
     Clock Rise Edge                 0.000
     + Clock Network Latency (Prop)  0.592
     = Beginpoint Arrival Time       0.592
     +------------------------------------------------------------------------------------------+ 
     |             Instance              |     Arc      |   Cell   | Delay | Arrival | Required | 
     |                                   |              |          |       |  Time   |   Time   | 
     |-----------------------------------+--------------+----------+-------+---------+----------| 
     | psum_mem_instance/Q_reg_119_      | CP ^         |          |       |   0.592 |   -2.053 | 
     | psum_mem_instance/Q_reg_119_      | CP ^ -> Q ^  | EDFQD4   | 0.158 |   0.751 |   -1.895 | 
     | FE_OFC4252_out_119_               | I ^ -> ZN v  | INVD6    | 0.030 |   0.781 |   -1.865 | 
     | sfp_instance/FE_RC_15370_0        | A1 v -> ZN v | IND3D4   | 0.079 |   0.859 |   -1.786 | 
     | sfp_instance/FE_RC_3756_0         | I v -> ZN ^  | CKND8    | 0.048 |   0.907 |   -1.738 | 
     | sfp_instance/U29806               | A1 ^ -> ZN v | NR2D3    | 0.030 |   0.936 |   -1.709 | 
     | sfp_instance/U25553               | A1 v -> Z v  | OR2D4    | 0.059 |   0.996 |   -1.649 | 
     | sfp_instance/U2189                | A1 v -> ZN ^ | NR2XD2   | 0.029 |   1.025 |   -1.620 | 
     | sfp_instance/FE_OCPC9400_n24234   | I ^ -> Z ^   | BUFFD8   | 0.050 |   1.075 |   -1.570 | 
     | sfp_instance/U14821               | A1 ^ -> ZN v | CKND2D8  | 0.036 |   1.111 |   -1.534 | 
     | sfp_instance/FE_RC_9278_0         | A1 v -> ZN v | INR2XD4  | 0.066 |   1.177 |   -1.468 | 
     | sfp_instance/FE_RC_1216_0         | A1 v -> ZN ^ | ND2D2    | 0.024 |   1.201 |   -1.444 | 
     | sfp_instance/FE_RC_1214_0         | A2 ^ -> ZN v | NR2D2    | 0.021 |   1.222 |   -1.423 | 
     | sfp_instance/FE_RC_4155_0         | B v -> ZN ^  | AOI31D4  | 0.074 |   1.297 |   -1.349 | 
     | sfp_instance/FE_RC_1208_0         | A2 ^ -> ZN v | CKND2D8  | 0.057 |   1.354 |   -1.291 | 
     | sfp_instance/U18089               | A1 v -> ZN ^ | ND2D4    | 0.027 |   1.381 |   -1.264 | 
     | sfp_instance/U3899                | A1 ^ -> ZN v | CKND2D4  | 0.025 |   1.406 |   -1.240 | 
     | sfp_instance/U3405                | I v -> ZN ^  | CKND4    | 0.022 |   1.428 |   -1.217 | 
     | sfp_instance/FE_RC_280_0          | A2 ^ -> ZN v | ND3D8    | 0.050 |   1.478 |   -1.167 | 
     | sfp_instance/U18746_dup           | A1 v -> ZN ^ | ND2D8    | 0.041 |   1.519 |   -1.126 | 
     | sfp_instance/U16722               | A2 ^ -> ZN v | ND2D8    | 0.048 |   1.567 |   -1.079 | 
     | sfp_instance/FE_OCPC11004_n1802   | I v -> ZN ^  | INVD8    | 0.029 |   1.596 |   -1.049 | 
     | sfp_instance/U5215                | A1 ^ -> ZN v | CKND2D8  | 0.028 |   1.624 |   -1.021 | 
     | sfp_instance/U3241                | A1 v -> ZN ^ | ND2D8    | 0.027 |   1.651 |   -0.994 | 
     | sfp_instance/U2922                | A1 ^ -> ZN v | ND2D4    | 0.026 |   1.677 |   -0.968 | 
     | sfp_instance/FE_RC_1102_0         | B v -> ZN ^  | OAI21D4  | 0.049 |   1.726 |   -0.919 | 
     | sfp_instance/U18428               | A1 ^ -> ZN v | ND3D4    | 0.044 |   1.771 |   -0.875 | 
     | sfp_instance/FE_RC_12684_0        | A1 v -> ZN ^ | ND3D4    | 0.032 |   1.802 |   -0.843 | 
     | sfp_instance/FE_RC_1183_0         | B1 ^ -> ZN v | IND2D4   | 0.032 |   1.834 |   -0.811 | 
     | sfp_instance/FE_RC_1182_0         | A1 v -> ZN ^ | CKND2D8  | 0.041 |   1.875 |   -0.770 | 
     | sfp_instance/FE_RC_8825_0         | A1 ^ -> ZN v | ND3D8    | 0.055 |   1.930 |   -0.715 | 
     | sfp_instance/FE_RC_9169_0         | A1 v -> ZN ^ | ND2D8    | 0.043 |   1.972 |   -0.673 | 
     | sfp_instance/U4113                | A1 ^ -> ZN v | CKND2D8  | 0.035 |   2.007 |   -0.638 | 
     | sfp_instance/FE_RC_9273_0         | A1 v -> ZN ^ | ND3D8    | 0.028 |   2.035 |   -0.610 | 
     | sfp_instance/U18119               | A1 ^ -> ZN v | CKND2D4  | 0.028 |   2.063 |   -0.582 | 
     | sfp_instance/U3886                | A1 v -> ZN ^ | NR2D4    | 0.045 |   2.108 |   -0.537 | 
     | sfp_instance/U4922                | A1 ^ -> ZN v | NR2D4    | 0.021 |   2.129 |   -0.516 | 
     | sfp_instance/U18064               | A2 v -> ZN ^ | ND2D4    | 0.023 |   2.152 |   -0.493 | 
     | sfp_instance/U18063               | A1 ^ -> ZN v | ND2D4    | 0.029 |   2.181 |   -0.464 | 
     | sfp_instance/U21073               | A1 v -> ZN ^ | ND2D8    | 0.033 |   2.214 |   -0.431 | 
     | sfp_instance/FE_RC_13106_0        | A1 ^ -> ZN v | ND2D8    | 0.069 |   2.282 |   -0.363 | 
     | sfp_instance/FE_OFC7515_n26371    | I v -> ZN ^  | CKND12   | 0.042 |   2.325 |   -0.321 | 
     | sfp_instance/U18553_dup           | A1 ^ -> ZN v | ND2D8    | 0.036 |   2.360 |   -0.285 | 
     | sfp_instance/U11082               | I v -> ZN ^  | INVD8    | 0.028 |   2.388 |   -0.257 | 
     | sfp_instance/U20316               | A1 ^ -> ZN v | CKND2D8  | 0.030 |   2.418 |   -0.227 | 
     | sfp_instance/U21195               | A2 v -> ZN ^ | ND3D8    | 0.036 |   2.454 |   -0.191 | 
     | sfp_instance/U4924                | A1 ^ -> ZN v | ND2D8    | 0.028 |   2.482 |   -0.163 | 
     | sfp_instance/U21796               | A1 v -> ZN ^ | OAI21D4  | 0.053 |   2.534 |   -0.111 | 
     | sfp_instance/U16334               | A2 ^ -> ZN v | ND2D4    | 0.034 |   2.569 |   -0.076 | 
     | sfp_instance/U16814               | A2 v -> ZN ^ | CKND2D4  | 0.034 |   2.603 |   -0.042 | 
     | sfp_instance/U16813               | A1 ^ -> ZN v | AOI21D4  | 0.035 |   2.638 |   -0.007 | 
     | sfp_instance/U19787               | A1 v -> ZN ^ | ND2D8    | 0.044 |   2.682 |    0.037 | 
     | sfp_instance/U19788_dup           | A1 ^ -> ZN v | ND2D8    | 0.064 |   2.746 |    0.101 | 
     | sfp_instance/U3548                | A1 v -> ZN ^ | NR2D4    | 0.045 |   2.791 |    0.146 | 
     | sfp_instance/U20531               | A1 ^ -> ZN v | CKND2D4  | 0.028 |   2.818 |    0.173 | 
     | sfp_instance/U4025                | A2 v -> ZN ^ | ND2D4    | 0.033 |   2.851 |    0.206 | 
     | sfp_instance/U18281_dup           | A1 ^ -> ZN v | AOI21D4  | 0.040 |   2.891 |    0.246 | 
     | sfp_instance/U4316                | A1 v -> ZN ^ | CKND2D4  | 0.031 |   2.923 |    0.278 | 
     | sfp_instance/U10715               | B ^ -> ZN v  | OAI21D4  | 0.057 |   2.980 |    0.335 | 
     | sfp_instance/U3425                | A1 v -> ZN ^ | ND2D4    | 0.030 |   3.010 |    0.365 | 
     | sfp_instance/U18155               | A1 ^ -> ZN v | ND2D8    | 0.033 |   3.043 |    0.398 | 
     | sfp_instance/U20287               | A1 v -> ZN ^ | ND2D8    | 0.024 |   3.067 |    0.422 | 
     | sfp_instance/U5271                | A1 ^ -> ZN v | ND2D8    | 0.041 |   3.108 |    0.463 | 
     | sfp_instance/U5272_dup            | A1 v -> ZN ^ | CKND2D8  | 0.041 |   3.149 |    0.504 | 
     | sfp_instance/U20279               | A1 ^ -> ZN v | NR2XD4   | 0.024 |   3.172 |    0.527 | 
     | sfp_instance/U5235                | I v -> ZN ^  | INVD6    | 0.030 |   3.202 |    0.557 | 
     | sfp_instance/U6563                | A1 ^ -> ZN v | ND2D8    | 0.045 |   3.247 |    0.602 | 
     | sfp_instance/FE_OCPC10197_n13722  | I v -> ZN ^  | INVD4    | 0.026 |   3.274 |    0.628 | 
     | sfp_instance/U18274               | A1 ^ -> ZN v | AOI22D4  | 0.031 |   3.305 |    0.660 | 
     | sfp_instance/U23136               | A1 v -> ZN ^ | CKND2D8  | 0.057 |   3.362 |    0.717 | 
     | sfp_instance/U722                 | A1 ^ -> ZN v | NR2D8    | 0.029 |   3.391 |    0.746 | 
     | sfp_instance/U19345               | A2 v -> ZN ^ | NR2XD4   | 0.045 |   3.436 |    0.791 | 
     | sfp_instance/U19344               | A1 ^ -> ZN v | CKND2D4  | 0.030 |   3.466 |    0.821 | 
     | sfp_instance/U20400               | A1 v -> ZN ^ | OAI211D4 | 0.067 |   3.533 |    0.888 | 
     | sfp_instance/U10190               | A1 ^ -> ZN v | ND2D4    | 0.047 |   3.580 |    0.935 | 
     | sfp_instance/U8292                | A1 v -> ZN ^ | ND2D8    | 0.033 |   3.614 |    0.969 | 
     | sfp_instance/U6975                | A1 ^ -> ZN v | ND2D8    | 0.040 |   3.654 |    1.009 | 
     | sfp_instance/FE_OCPC8536_n2818    | I v -> ZN ^  | CKND8    | 0.029 |   3.683 |    1.038 | 
     | sfp_instance/FE_RC_3872_0         | A1 ^ -> Z ^  | AN2D8    | 0.074 |   3.758 |    1.112 | 
     | sfp_instance/U27049               | A1 ^ -> ZN v | CKND2D4  | 0.035 |   3.793 |    1.148 | 
     | sfp_instance/U26106               | A1 v -> ZN ^ | ND3D8    | 0.037 |   3.830 |    1.184 | 
     | sfp_instance/U22991               | A1 ^ -> ZN v | ND2D8    | 0.030 |   3.860 |    1.215 | 
     | sfp_instance/FE_RC_1275_0         | A1 v -> ZN ^ | OAI21D4  | 0.058 |   3.918 |    1.273 | 
     | sfp_instance/U4737                | A1 ^ -> ZN v | ND2D4    | 0.036 |   3.954 |    1.309 | 
     | sfp_instance/U22990               | A1 v -> ZN ^ | CKND2D8  | 0.028 |   3.982 |    1.337 | 
     | sfp_instance/U26827               | A1 ^ -> ZN v | ND2D4    | 0.027 |   4.009 |    1.364 | 
     | sfp_instance/U4741                | A1 v -> ZN ^ | NR2XD4   | 0.027 |   4.036 |    1.391 | 
     | sfp_instance/U4853                | A2 ^ -> ZN v | NR2D8    | 0.023 |   4.059 |    1.414 | 
     | sfp_instance/U5456_dup            | A2 v -> ZN ^ | ND2D8    | 0.025 |   4.084 |    1.439 | 
     | sfp_instance/U20743               | A1 ^ -> ZN v | ND2D8    | 0.045 |   4.129 |    1.484 | 
     | sfp_instance/FE_OCPC8769_n12558   | I v -> Z v   | CKBD8    | 0.059 |   4.188 |    1.543 | 
     | sfp_instance/U25163               | A1 v -> ZN ^ | OAI21D2  | 0.033 |   4.221 |    1.575 | 
     | sfp_instance/sfp_out_sign5_reg_3_ | D ^          | DFCNQD1  | 0.000 |   4.221 |    1.575 | 
     +------------------------------------------------------------------------------------------+ 
Path 5: VIOLATED Setup Check with Pin sfp_instance/sfp_out_sign3_reg_1_/CP 
Endpoint:   sfp_instance/sfp_out_sign3_reg_1_/D (^) checked with  leading edge 
of 'clk'
Beginpoint: psum_mem_instance/Q_reg_78_/Q       (v) triggered by  leading edge 
of 'clk'
Path Groups: {clk}
Analysis View: WC_VIEW
Other End Arrival Time          0.958
- Setup                         0.016
+ Phase Shift                   1.000
+ CPPR Adjustment               0.000
= Required Time                 1.942
- Arrival Time                  4.585
= Slack Time                   -2.642
     Clock Rise Edge                 0.000
     + Clock Network Latency (Prop)  0.533
     = Beginpoint Arrival Time       0.533
     +-------------------------------------------------------------------------------------------+ 
     |             Instance              |     Arc      |   Cell    | Delay | Arrival | Required | 
     |                                   |              |           |       |  Time   |   Time   | 
     |-----------------------------------+--------------+-----------+-------+---------+----------| 
     | psum_mem_instance/Q_reg_78_       | CP ^         |           |       |   0.533 |   -2.109 | 
     | psum_mem_instance/Q_reg_78_       | CP ^ -> Q v  | EDFQD2    | 0.170 |   0.704 |   -1.939 | 
     | sfp_instance/FE_RC_9375_0         | A1 v -> ZN v | IND3D2    | 0.098 |   0.802 |   -1.840 | 
     | sfp_instance/U30118               | A1 v -> ZN ^ | NR2XD3    | 0.087 |   0.889 |   -1.754 | 
     | sfp_instance/U15794               | A1 ^ -> Z ^  | OR2XD1    | 0.060 |   0.949 |   -1.693 | 
     | sfp_instance/U24824               | A1 ^ -> ZN v | NR3D1     | 0.025 |   0.974 |   -1.668 | 
     | sfp_instance/U9498                | I v -> ZN ^  | CKND1     | 0.027 |   1.001 |   -1.642 | 
     | sfp_instance/U3524                | A1 ^ -> ZN v | CKND2D2   | 0.025 |   1.026 |   -1.616 | 
     | sfp_instance/U9408                | A1 v -> ZN ^ | NR2XD2    | 0.030 |   1.056 |   -1.586 | 
     | sfp_instance/FE_RC_41_0           | A2 ^ -> Z ^  | AN2D4     | 0.060 |   1.116 |   -1.526 | 
     | sfp_instance/U21185               | A1 ^ -> ZN v | ND3D8     | 0.047 |   1.163 |   -1.479 | 
     | sfp_instance/U23584               | A1 v -> ZN ^ | ND2D4     | 0.031 |   1.194 |   -1.448 | 
     | sfp_instance/U4576                | A1 ^ -> ZN v | CKND2D4   | 0.027 |   1.222 |   -1.420 | 
     | sfp_instance/U19200               | I v -> ZN ^  | CKND4     | 0.028 |   1.250 |   -1.392 | 
     | sfp_instance/U2032                | A1 ^ -> ZN v | CKND2D8   | 0.028 |   1.278 |   -1.364 | 
     | sfp_instance/U18669               | A1 v -> ZN ^ | ND2D2     | 0.025 |   1.303 |   -1.340 | 
     | sfp_instance/U11560               | B ^ -> ZN v  | OAI211D4  | 0.083 |   1.386 |   -1.256 | 
     | sfp_instance/U14517               | A2 v -> ZN ^ | NR2XD8    | 0.056 |   1.442 |   -1.201 | 
     | sfp_instance/U3104_dup            | A1 ^ -> ZN v | CKND2D8   | 0.032 |   1.474 |   -1.169 | 
     | sfp_instance/U4011                | A1 v -> ZN ^ | OAI21D4   | 0.065 |   1.539 |   -1.103 | 
     | sfp_instance/U21443               | A1 ^ -> ZN v | CKND2D3   | 0.047 |   1.586 |   -1.057 | 
     | sfp_instance/U22868               | A1 v -> ZN ^ | ND2D2     | 0.047 |   1.633 |   -1.010 | 
     | sfp_instance/U20557               | A2 ^ -> ZN v | ND3D8     | 0.048 |   1.681 |   -0.961 | 
     | sfp_instance/FE_RC_4383_0         | B1 v -> ZN ^ | IND3D2    | 0.033 |   1.714 |   -0.928 | 
     | sfp_instance/U7729                | A1 ^ -> ZN v | CKND2D2   | 0.033 |   1.747 |   -0.896 | 
     | sfp_instance/U3979                | A1 v -> ZN ^ | OAI21D4   | 0.039 |   1.786 |   -0.856 | 
     | sfp_instance/U20480               | A1 ^ -> ZN v | ND2D4     | 0.035 |   1.821 |   -0.822 | 
     | sfp_instance/U18469               | A2 v -> ZN ^ | ND2D8     | 0.034 |   1.855 |   -0.787 | 
     | sfp_instance/U17683_dup           | A2 ^ -> ZN v | ND2D8     | 0.040 |   1.895 |   -0.747 | 
     | sfp_instance/U3530                | A1 v -> ZN ^ | ND2D1     | 0.043 |   1.938 |   -0.704 | 
     | sfp_instance/U19033               | A2 ^ -> ZN v | AOI31D4   | 0.066 |   2.005 |   -0.637 | 
     | sfp_instance/U1580                | A2 v -> ZN ^ | OAI21D2   | 0.107 |   2.112 |   -0.530 | 
     | sfp_instance/U14048               | A2 ^ -> ZN v | CKND2D2   | 0.066 |   2.178 |   -0.464 | 
     | sfp_instance/U23045               | I v -> ZN ^  | CKND2     | 0.027 |   2.205 |   -0.437 | 
     | sfp_instance/U9006                | A2 ^ -> ZN v | CKND2D2   | 0.026 |   2.231 |   -0.411 | 
     | sfp_instance/U11158               | A3 v -> ZN ^ | ND3D2     | 0.034 |   2.265 |   -0.377 | 
     | sfp_instance/U19043               | A2 ^ -> ZN v | NR2XD3    | 0.032 |   2.297 |   -0.345 | 
     | sfp_instance/U4622                | A2 v -> ZN ^ | NR2XD4    | 0.037 |   2.335 |   -0.307 | 
     | sfp_instance/FE_RC_3875_0         | A3 ^ -> ZN v | ND3D8     | 0.065 |   2.400 |   -0.242 | 
     | sfp_instance/U18786               | A1 v -> ZN ^ | ND2D4     | 0.032 |   2.432 |   -0.210 | 
     | sfp_instance/U2591                | B ^ -> ZN v  | OAI21D4   | 0.046 |   2.478 |   -0.164 | 
     | sfp_instance/FE_RC_3235_0         | B v -> ZN ^  | AOI21D4   | 0.057 |   2.535 |   -0.107 | 
     | sfp_instance/U3827                | A2 ^ -> ZN v | ND2D4     | 0.042 |   2.577 |   -0.065 | 
     | sfp_instance/U19565               | A1 v -> ZN ^ | ND2D4     | 0.030 |   2.607 |   -0.035 | 
     | sfp_instance/U4339                | A1 ^ -> ZN v | CKND2D8   | 0.030 |   2.637 |   -0.005 | 
     | sfp_instance/U17833               | A1 v -> ZN ^ | ND2D8     | 0.031 |   2.669 |    0.026 | 
     | sfp_instance/U18582               | A1 ^ -> ZN v | ND2D8     | 0.046 |   2.714 |    0.072 | 
     | sfp_instance/FE_OCPC8528_n4726    | I v -> ZN ^  | CKND2     | 0.025 |   2.740 |    0.098 | 
     | sfp_instance/U5090                | A1 ^ -> ZN v | CKND2D2   | 0.026 |   2.766 |    0.124 | 
     | sfp_instance/U21906               | A1 v -> ZN ^ | ND2D3     | 0.030 |   2.796 |    0.154 | 
     | sfp_instance/U4505                | A2 ^ -> ZN v | ND2D8     | 0.057 |   2.854 |    0.211 | 
     | sfp_instance/U4014                | A1 v -> ZN ^ | ND2D4     | 0.039 |   2.893 |    0.250 | 
     | sfp_instance/U21958               | B ^ -> ZN v  | OAI21D4   | 0.057 |   2.950 |    0.308 | 
     | sfp_instance/FE_RC_3777_0         | B1 v -> ZN ^ | IND2D4    | 0.026 |   2.976 |    0.333 | 
     | sfp_instance/FE_RC_3776_0         | A1 ^ -> ZN v | ND2D4     | 0.032 |   3.007 |    0.365 | 
     | sfp_instance/U13284               | A1 v -> ZN ^ | ND2D4     | 0.028 |   3.035 |    0.393 | 
     | sfp_instance/U6366                | A1 ^ -> ZN v | ND2D8     | 0.040 |   3.075 |    0.433 | 
     | sfp_instance/U2603                | A1 v -> ZN ^ | ND2D4     | 0.026 |   3.101 |    0.459 | 
     | sfp_instance/U8490                | A1 ^ -> ZN v | ND2D4     | 0.028 |   3.129 |    0.487 | 
     | sfp_instance/U4446                | A2 v -> ZN ^ | ND2D8     | 0.042 |   3.171 |    0.529 | 
     | sfp_instance/U880                 | I ^ -> ZN v  | INVD4     | 0.027 |   3.198 |    0.556 | 
     | sfp_instance/U17618               | B1 v -> ZN ^ | AOI22D4   | 0.068 |   3.266 |    0.624 | 
     | sfp_instance/U21646               | A2 ^ -> ZN v | CKND2D8   | 0.059 |   3.325 |    0.683 | 
     | sfp_instance/U10450               | A1 v -> ZN ^ | NR2XD4    | 0.038 |   3.362 |    0.720 | 
     | sfp_instance/FE_RC_1443_0         | A2 ^ -> ZN v | OAI21D4   | 0.037 |   3.399 |    0.757 | 
     | sfp_instance/U17752               | B v -> ZN ^  | AOI21D4   | 0.057 |   3.456 |    0.814 | 
     | sfp_instance/U622                 | A1 ^ -> ZN v | NR2D3     | 0.028 |   3.485 |    0.842 | 
     | sfp_instance/U6534                | A1 v -> ZN ^ | OAI21D4   | 0.045 |   3.529 |    0.887 | 
     | sfp_instance/FE_RC_9073_0         | A3 ^ -> ZN v | ND3D8     | 0.059 |   3.588 |    0.946 | 
     | sfp_instance/U23223_dup           | A1 v -> ZN ^ | ND3D8     | 0.045 |   3.633 |    0.991 | 
     | sfp_instance/U19517               | A2 ^ -> ZN v | ND2D8     | 0.073 |   3.706 |    1.064 | 
     | sfp_instance/U19514               | A1 v -> ZN ^ | NR2D2     | 0.050 |   3.756 |    1.114 | 
     | sfp_instance/U26044               | A1 ^ -> ZN v | NR2XD2    | 0.037 |   3.794 |    1.151 | 
     | sfp_instance/U3954                | A2 v -> ZN ^ | ND2D8     | 0.037 |   3.830 |    1.188 | 
     | sfp_instance/U10086               | A1 ^ -> ZN v | NR2D8     | 0.021 |   3.851 |    1.209 | 
     | sfp_instance/U22181               | A2 v -> ZN ^ | NR2D4     | 0.043 |   3.894 |    1.252 | 
     | sfp_instance/U19920               | A1 ^ -> ZN v | ND2D4     | 0.031 |   3.925 |    1.283 | 
     | sfp_instance/U4394                | A2 v -> ZN ^ | CKND2D8   | 0.032 |   3.957 |    1.314 | 
     | sfp_instance/U19917               | A1 ^ -> ZN v | ND2D4     | 0.029 |   3.986 |    1.344 | 
     | sfp_instance/U19912               | A1 v -> ZN ^ | CKND2D8   | 0.042 |   4.027 |    1.385 | 
     | sfp_instance/U22239               | A1 ^ -> ZN v | ND2D8     | 0.034 |   4.062 |    1.419 | 
     | sfp_instance/U16595               | A1 v -> ZN ^ | CKND2D8   | 0.028 |   4.089 |    1.447 | 
     | sfp_instance/U16594               | A1 ^ -> ZN v | ND3D4     | 0.050 |   4.140 |    1.497 | 
     | sfp_instance/U22188               | I v -> ZN ^  | CKND12    | 0.055 |   4.194 |    1.552 | 
     | sfp_instance/U22191               | B1 ^ -> ZN v | AOI22D4   | 0.049 |   4.243 |    1.601 | 
     | sfp_instance/U9867                | A1 v -> ZN ^ | ND2D3     | 0.040 |   4.283 |    1.641 | 
     | sfp_instance/U22377               | A1 ^ -> ZN v | NR2XD2    | 0.028 |   4.311 |    1.669 | 
     | sfp_instance/U12437               | I v -> ZN ^  | CKND2     | 0.032 |   4.343 |    1.701 | 
     | sfp_instance/U22380               | A2 ^ -> ZN v | ND2D3     | 0.030 |   4.373 |    1.731 | 
     | sfp_instance/U9830                | I v -> ZN ^  | INVD2     | 0.023 |   4.396 |    1.754 | 
     | sfp_instance/U16547               | A2 ^ -> ZN v | AOI211XD2 | 0.041 |   4.437 |    1.795 | 
     | sfp_instance/U9813                | A2 v -> ZN ^ | ND2D3     | 0.033 |   4.470 |    1.828 | 
     | sfp_instance/U16545               | A1 ^ -> ZN v | ND2D4     | 0.025 |   4.495 |    1.852 | 
     | sfp_instance/U3468                | A2 v -> ZN ^ | CKND2D4   | 0.037 |   4.532 |    1.890 | 
     | sfp_instance/U25780               | A1 ^ -> ZN v | CKND2D4   | 0.027 |   4.559 |    1.916 | 
     | sfp_instance/U31368               | B v -> ZN ^  | IOA21D2   | 0.026 |   4.585 |    1.942 | 
     | sfp_instance/sfp_out_sign3_reg_1_ | D ^          | DFCNQD1   | 0.000 |   4.585 |    1.942 | 
     +-------------------------------------------------------------------------------------------+ 

