###############################################################
#  Generated by:      Cadence Innovus 15.23-s045_1
#  OS:                Linux x86_64(Host ID ieng6-ece-17.ucsd.edu)
#  Generated on:      Sat Mar 21 00:16:14 2026
#  Design:            fullchip
#  Command:           report_timing -max_paths 5 > ${design}.post_route.timing.rpt
###############################################################
Path 1: VIOLATED Setup Check with Pin core_instance1/sfp_instance/sfp_out_sign4_
reg_0_/CP 
Endpoint:   core_instance1/sfp_instance/sfp_out_sign4_reg_0_/D     (^) checked 
with  leading edge of 'clk'
Beginpoint: core_instance1/sfp_instance/fifo_inst_int/out_reg_7_/Q (^) 
triggered by  leading edge of 'clk'
Path Groups: {clk}
Analysis View: WC_VIEW
Other End Arrival Time          0.100
- Setup                         0.068
+ Phase Shift                   1.000
+ CPPR Adjustment               0.000
+ Cycle Adjustment              2.000
= Required Time                 3.032
- Arrival Time                  3.038
= Slack Time                   -0.005
     Clock Rise Edge                 0.000
     + Clock Network Latency (Ideal) 0.100
     = Beginpoint Arrival Time       0.100
     +-----------------------------------------------------------------------------------------------------------+ 
     |                      Instance                      |     Arc      |   Cell   | Delay | Arrival | Required | 
     |                                                    |              |          |       |  Time   |   Time   | 
     |----------------------------------------------------+--------------+----------+-------+---------+----------| 
     | core_instance1/sfp_instance/fifo_inst_int/out_reg_ | CP ^         |          |       |   0.100 |    0.095 | 
     | 7_                                                 |              |          |       |         |          | 
     | core_instance1/sfp_instance/fifo_inst_int/out_reg_ | CP ^ -> Q ^  | EDFCNQD2 | 0.106 |   0.206 |    0.200 | 
     | 7_                                                 |              |          |       |         |          | 
     | core_instance1/sfp_instance/U1450                  | A1 ^ -> ZN v | CKND2D3  | 0.024 |   0.230 |    0.225 | 
     | core_instance1/sfp_instance/U7517                  | A1 v -> ZN ^ | ND2D3    | 0.039 |   0.269 |    0.263 | 
     | core_instance1/sfp_instance/FE_OFC1713_n1695       | I ^ -> ZN v  | CKND3    | 0.029 |   0.298 |    0.292 | 
     | core_instance1/sfp_instance/FE_OFC1715_n1695       | I v -> ZN ^  | INVD12   | 0.031 |   0.329 |    0.323 | 
     | core_instance1/sfp_instance/FE_OFC1716_n1695       | I ^ -> Z ^   | BUFFD1   | 0.085 |   0.414 |    0.408 | 
     | core_instance1/sfp_instance/FE_OFC1719_n1695       | I ^ -> Z ^   | BUFFD1   | 0.133 |   0.546 |    0.541 | 
     | core_instance1/sfp_instance/FE_OFC2525_n1695       | I ^ -> Z ^   | CKBD0    | 0.130 |   0.676 |    0.671 | 
     | core_instance1/sfp_instance/U11249                 | A2 ^ -> ZN v | NR2D0    | 0.048 |   0.724 |    0.718 | 
     | core_instance1/sfp_instance/U11260                 | I v -> ZN ^  | CKND0    | 0.055 |   0.779 |    0.773 | 
     | core_instance1/sfp_instance/U11304                 | A2 ^ -> ZN v | CKND2D0  | 0.059 |   0.838 |    0.832 | 
     | core_instance1/sfp_instance/U11305                 | A1 v -> ZN ^ | CKND2D0  | 0.030 |   0.868 |    0.863 | 
     | core_instance1/sfp_instance/U11307                 | A1 ^ -> ZN v | CKND2D0  | 0.036 |   0.904 |    0.899 | 
     | core_instance1/sfp_instance/U11308                 | A1 v -> ZN ^ | OAI22D0  | 0.082 |   0.986 |    0.981 | 
     | core_instance1/sfp_instance/U11309                 | B ^ -> ZN v  | AOI21D1  | 0.029 |   1.015 |    1.010 | 
     | core_instance1/sfp_instance/U11311                 | A1 v -> ZN ^ | NR2D1    | 0.043 |   1.058 |    1.052 | 
     | core_instance1/sfp_instance/U3648                  | B ^ -> ZN v  | OAI21D1  | 0.029 |   1.087 |    1.081 | 
     | core_instance1/sfp_instance/U11312                 | A1 v -> ZN ^ | CKND2D1  | 0.033 |   1.119 |    1.114 | 
     | core_instance1/sfp_instance/U7308                  | A1 ^ -> ZN v | OAI22D1  | 0.027 |   1.146 |    1.141 | 
     | core_instance1/sfp_instance/U7306                  | A1 v -> ZN ^ | AOI31D2  | 0.061 |   1.207 |    1.202 | 
     | core_instance1/sfp_instance/FE_RC_228_0            | B1 ^ -> ZN v | AOI22D4  | 0.040 |   1.247 |    1.242 | 
     | core_instance1/sfp_instance/U1652                  | A1 v -> ZN ^ | ND3D8    | 0.032 |   1.279 |    1.274 | 
     | core_instance1/sfp_instance/FE_OCPC6069_N629       | I ^ -> Z ^   | BUFFD4   | 0.034 |   1.313 |    1.308 | 
     | core_instance1/sfp_instance/FE_RC_1956_0           | I ^ -> ZN v  | CKND2    | 0.015 |   1.328 |    1.322 | 
     | core_instance1/sfp_instance/FE_RC_1955_0           | B2 v -> ZN ^ | AOI22D4  | 0.043 |   1.370 |    1.365 | 
     | core_instance1/sfp_instance/U11374                 | A1 ^ -> ZN v | CKND2D8  | 0.041 |   1.411 |    1.406 | 
     | core_instance1/sfp_instance/U5365                  | A1 v -> ZN ^ | NR2D2    | 0.039 |   1.450 |    1.444 | 
     | core_instance1/sfp_instance/U11531                 | A1 ^ -> ZN v | NR2D1    | 0.022 |   1.472 |    1.466 | 
     | core_instance1/sfp_instance/FE_RC_1176_0           | A2 v -> ZN ^ | AOI21D2  | 0.029 |   1.501 |    1.495 | 
     | core_instance1/sfp_instance/U7314                  | B ^ -> ZN v  | OAI21D2  | 0.027 |   1.528 |    1.522 | 
     | core_instance1/sfp_instance/FE_RC_1633_0           | A1 v -> ZN ^ | ND2D2    | 0.019 |   1.547 |    1.541 | 
     | core_instance1/sfp_instance/FE_RC_1632_0           | A1 ^ -> ZN v | CKND2D2  | 0.018 |   1.565 |    1.560 | 
     | core_instance1/sfp_instance/U11568                 | I1 v -> Z v  | MUX2D4   | 0.072 |   1.637 |    1.631 | 
     | core_instance1/sfp_instance/U101                   | A1 v -> ZN ^ | ND2D8    | 0.032 |   1.669 |    1.663 | 
     | core_instance1/sfp_instance/U3818                  | I ^ -> ZN v  | INVD2    | 0.013 |   1.682 |    1.676 | 
     | core_instance1/sfp_instance/U11749                 | A1 v -> ZN ^ | AOI22D2  | 0.026 |   1.708 |    1.703 | 
     | core_instance1/sfp_instance/FE_RC_714_0            | C ^ -> ZN v  | OAI211D2 | 0.040 |   1.748 |    1.743 | 
     | core_instance1/sfp_instance/U90                    | I1 v -> Z v  | MUX2D4   | 0.085 |   1.833 |    1.828 | 
     | core_instance1/sfp_instance/U2950                  | A1 v -> ZN ^ | ND2D2    | 0.027 |   1.860 |    1.855 | 
     | core_instance1/sfp_instance/U21958                 | A2 ^ -> ZN v | OAI21D1  | 0.028 |   1.888 |    1.883 | 
     | core_instance1/sfp_instance/U21959                 | B v -> ZN ^  | AOI21D2  | 0.068 |   1.956 |    1.951 | 
     | core_instance1/sfp_instance/U21967                 | A1 ^ -> ZN v | OAI21D4  | 0.033 |   1.989 |    1.984 | 
     | core_instance1/sfp_instance/U7043                  | A1 v -> Z v  | AO21D2   | 0.054 |   2.043 |    2.038 | 
     | core_instance1/sfp_instance/U981                   | A2 v -> Z v  | AN2D4    | 0.045 |   2.088 |    2.082 | 
     | core_instance1/sfp_instance/U9724                  | A1 v -> ZN ^ | AOI22D1  | 0.032 |   2.120 |    2.114 | 
     | core_instance1/sfp_instance/U3823                  | A2 ^ -> ZN v | CKND2D1  | 0.025 |   2.144 |    2.139 | 
     | core_instance1/sfp_instance/U21986                 | B v -> ZN ^  | AOI21D2  | 0.042 |   2.186 |    2.180 | 
     | core_instance1/sfp_instance/U8031                  | A2 ^ -> ZN v | ND2D3    | 0.056 |   2.241 |    2.236 | 
     | core_instance1/sfp_instance/U2843                  | A1 v -> ZN ^ | NR2D0    | 0.063 |   2.305 |    2.299 | 
     | core_instance1/sfp_instance/U22372                 | A1 ^ -> ZN v | OAI21D1  | 0.045 |   2.349 |    2.344 | 
     | core_instance1/sfp_instance/U5433                  | A2 v -> ZN ^ | AOI21D1  | 0.066 |   2.415 |    2.410 | 
     | core_instance1/sfp_instance/U22384                 | A1 ^ -> ZN v | OAI21D2  | 0.047 |   2.462 |    2.457 | 
     | core_instance1/sfp_instance/U22409                 | A1 v -> ZN ^ | AOI21D2  | 0.040 |   2.502 |    2.496 | 
     | core_instance1/sfp_instance/FE_RC_1253_0           | A1 ^ -> ZN v | AOI21D2  | 0.023 |   2.525 |    2.519 | 
     | core_instance1/sfp_instance/U518                   | A2 v -> ZN ^ | CKND2D2  | 0.028 |   2.553 |    2.547 | 
     | core_instance1/sfp_instance/U7446                  | A1 ^ -> ZN v | ND2D2    | 0.036 |   2.588 |    2.583 | 
     | core_instance1/sfp_instance/U2228                  | A1 v -> ZN ^ | NR2D4    | 0.038 |   2.627 |    2.621 | 
     | core_instance1/sfp_instance/FE_RC_1876_0           | I ^ -> Z ^   | CKBD2    | 0.048 |   2.674 |    2.669 | 
     | core_instance1/sfp_instance/U23300                 | A1 ^ -> ZN v | AOI21D1  | 0.031 |   2.706 |    2.700 | 
     | core_instance1/sfp_instance/U23301                 | A2 v -> ZN ^ | ND2D3    | 0.040 |   2.745 |    2.740 | 
     | core_instance1/sfp_instance/U6058                  | A1 ^ -> ZN v | CKND2D0  | 0.033 |   2.778 |    2.773 | 
     | core_instance1/sfp_instance/U26763                 | A2 v -> ZN ^ | OAI21D1  | 0.034 |   2.813 |    2.807 | 
     | core_instance1/sfp_instance/U26764                 | B ^ -> ZN v  | AOI21D1  | 0.022 |   2.835 |    2.829 | 
     | core_instance1/sfp_instance/U26775                 | A1 v -> ZN ^ | OAI21D1  | 0.044 |   2.879 |    2.874 | 
     | core_instance1/sfp_instance/U26803                 | A1 ^ -> ZN v | AOI21D2  | 0.029 |   2.909 |    2.903 | 
     | core_instance1/sfp_instance/U26811                 | A1 v -> ZN ^ | OAI21D1  | 0.035 |   2.944 |    2.939 | 
     | core_instance1/sfp_instance/FE_RC_1252_0           | A2 ^ -> ZN v | AOI22D2  | 0.026 |   2.970 |    2.965 | 
     | core_instance1/sfp_instance/U26864                 | I1 v -> ZN ^ | MUX2ND4  | 0.066 |   3.037 |    3.031 | 
     | core_instance1/sfp_instance/sfp_out_sign4_reg_0_   | D ^          | EDFCNQD1 | 0.001 |   3.038 |    3.032 | 
     +-----------------------------------------------------------------------------------------------------------+ 
Path 2: VIOLATED Setup Check with Pin core_instance0/sfp_instance/sfp_out_sign5_
reg_0_/CP 
Endpoint:   core_instance0/sfp_instance/sfp_out_sign5_reg_0_/D     (v) checked 
with  leading edge of 'clk'
Beginpoint: core_instance0/sfp_instance/fifo_inst_int/out_reg_7_/Q (^) 
triggered by  leading edge of 'clk'
Path Groups: {clk}
Analysis View: WC_VIEW
Other End Arrival Time          0.100
- Setup                         0.052
+ Phase Shift                   1.000
+ CPPR Adjustment               0.000
+ Cycle Adjustment              2.000
= Required Time                 3.048
- Arrival Time                  3.053
= Slack Time                   -0.005
     Clock Rise Edge                 0.000
     + Clock Network Latency (Ideal) 0.100
     = Beginpoint Arrival Time       0.100
     +-----------------------------------------------------------------------------------------------------------+ 
     |                      Instance                      |     Arc      |   Cell   | Delay | Arrival | Required | 
     |                                                    |              |          |       |  Time   |   Time   | 
     |----------------------------------------------------+--------------+----------+-------+---------+----------| 
     | core_instance0/sfp_instance/fifo_inst_int/out_reg_ | CP ^         |          |       |   0.100 |    0.095 | 
     | 7_                                                 |              |          |       |         |          | 
     | core_instance0/sfp_instance/fifo_inst_int/out_reg_ | CP ^ -> Q ^  | EDFCNQD4 | 0.109 |   0.209 |    0.205 | 
     | 7_                                                 |              |          |       |         |          | 
     | core_instance0/sfp_instance/U964                   | A1 ^ -> ZN v | CKND2D4  | 0.022 |   0.231 |    0.227 | 
     | core_instance0/sfp_instance/FE_RC_68_0             | A1 v -> ZN ^ | OAI21D4  | 0.036 |   0.268 |    0.263 | 
     | core_instance0/sfp_instance/U7231                  | A1 ^ -> ZN v | CKND2D4  | 0.018 |   0.285 |    0.281 | 
     | core_instance0/sfp_instance/U251                   | A1 v -> ZN ^ | ND2D4    | 0.028 |   0.313 |    0.308 | 
     | core_instance0/sfp_instance/U6910                  | A1 ^ -> ZN v | ND3D2    | 0.025 |   0.338 |    0.333 | 
     | core_instance0/sfp_instance/FE_RC_1716_0           | I v -> ZN ^  | CKND2    | 0.015 |   0.353 |    0.348 | 
     | core_instance0/sfp_instance/FE_RC_1715_0           | B1 ^ -> ZN v | INR3D2   | 0.012 |   0.365 |    0.361 | 
     | core_instance0/sfp_instance/U6077                  | A1 v -> ZN ^ | XNR2D4   | 0.067 |   0.432 |    0.428 | 
     | core_instance0/sfp_instance/FE_OFC5582_n25125      | I ^ -> ZN v  | INVD16   | 0.027 |   0.459 |    0.454 | 
     | core_instance0/sfp_instance/FE_RC_1081_0           | A1 v -> ZN ^ | OAI21D4  | 0.035 |   0.494 |    0.490 | 
     | core_instance0/sfp_instance/FE_RC_1080_0           | A1 ^ -> ZN v | ND3D8    | 0.027 |   0.521 |    0.517 | 
     | core_instance0/sfp_instance/FE_RC_1078_0           | A1 v -> ZN ^ | ND2D4    | 0.019 |   0.540 |    0.535 | 
     | core_instance0/sfp_instance/U923                   | A1 ^ -> ZN v | ND2D4    | 0.014 |   0.554 |    0.549 | 
     | core_instance0/sfp_instance/U324                   | A1 v -> ZN ^ | ND2D4    | 0.017 |   0.571 |    0.566 | 
     | core_instance0/sfp_instance/U391                   | A2 ^ -> ZN v | NR2D4    | 0.016 |   0.587 |    0.582 | 
     | core_instance0/sfp_instance/U390                   | A1 v -> ZN ^ | NR2D4    | 0.025 |   0.611 |    0.607 | 
     | core_instance0/sfp_instance/U1180                  | A1 ^ -> ZN v | NR2D3    | 0.014 |   0.625 |    0.621 | 
     | core_instance0/sfp_instance/FE_RC_11_0             | B1 v -> ZN ^ | INR2D2   | 0.033 |   0.658 |    0.653 | 
     | core_instance0/sfp_instance/FE_RC_1046_0           | A1 ^ -> ZN v | OAI21D2  | 0.032 |   0.690 |    0.685 | 
     | core_instance0/sfp_instance/U1792                  | A1 v -> Z ^  | CKXOR2D1 | 0.057 |   0.747 |    0.743 | 
     | core_instance0/sfp_instance/U320                   | A1 ^ -> ZN v | ND2D2    | 0.019 |   0.767 |    0.762 | 
     | core_instance0/sfp_instance/U1104                  | A1 v -> ZN ^ | NR2XD2   | 0.023 |   0.789 |    0.785 | 
     | core_instance0/sfp_instance/U1103                  | A1 ^ -> ZN v | CKND2D8  | 0.031 |   0.820 |    0.816 | 
     | core_instance0/sfp_instance/U1102                  | A1 v -> ZN ^ | NR2D8    | 0.033 |   0.853 |    0.848 | 
     | core_instance0/sfp_instance/U566                   | I ^ -> ZN v  | INVD4    | 0.015 |   0.868 |    0.863 | 
     | core_instance0/sfp_instance/U896                   | A1 v -> ZN ^ | ND2D8    | 0.016 |   0.884 |    0.879 | 
     | core_instance0/sfp_instance/U161                   | A1 ^ -> ZN v | ND2D2    | 0.025 |   0.909 |    0.904 | 
     | core_instance0/sfp_instance/U889                   | I v -> ZN ^  | CKND2    | 0.016 |   0.925 |    0.920 | 
     | core_instance0/sfp_instance/U7190                  | A1 ^ -> ZN v | ND2D2    | 0.025 |   0.950 |    0.946 | 
     | core_instance0/sfp_instance/U7189                  | A2 v -> ZN ^ | ND3D8    | 0.022 |   0.972 |    0.968 | 
     | core_instance0/sfp_instance/U874                   | S ^ -> Z v   | MUX2D4   | 0.074 |   1.047 |    1.042 | 
     | core_instance0/sfp_instance/U4589                  | A1 v -> ZN ^ | NR2D1    | 0.044 |   1.091 |    1.086 | 
     | core_instance0/sfp_instance/U9735                  | A1 ^ -> ZN v | NR2D1    | 0.022 |   1.113 |    1.108 | 
     | core_instance0/sfp_instance/U9746                  | A2 v -> ZN ^ | AOI21D2  | 0.036 |   1.149 |    1.144 | 
     | core_instance0/sfp_instance/U1094                  | A1 ^ -> ZN v | OAI21D4  | 0.035 |   1.184 |    1.179 | 
     | core_instance0/sfp_instance/U1092                  | A1 v -> ZN ^ | ND2D4    | 0.024 |   1.208 |    1.203 | 
     | core_instance0/sfp_instance/U852                   | A2 ^ -> ZN v | CKND2D4  | 0.023 |   1.230 |    1.226 | 
     | core_instance0/sfp_instance/U9852                  | A1 v -> ZN ^ | NR2D4    | 0.049 |   1.279 |    1.274 | 
     | core_instance0/sfp_instance/U9877                  | A1 ^ -> ZN v | CKND2D2  | 0.029 |   1.308 |    1.304 | 
     | core_instance0/sfp_instance/FE_RC_1709_0           | B1 v -> ZN ^ | IND3D2   | 0.021 |   1.329 |    1.325 | 
     | core_instance0/sfp_instance/FE_RC_1708_0           | A1 ^ -> ZN v | ND2D2    | 0.025 |   1.354 |    1.350 | 
     | core_instance0/sfp_instance/FE_RC_1707_0           | A1 v -> ZN ^ | CKND2D8  | 0.030 |   1.384 |    1.380 | 
     | core_instance0/sfp_instance/FE_OFC2064_n2377       | I ^ -> ZN v  | INVD6    | 0.022 |   1.407 |    1.402 | 
     | core_instance0/sfp_instance/U2257                  | A1 v -> ZN ^ | ND2D2    | 0.014 |   1.420 |    1.416 | 
     | core_instance0/sfp_instance/U10051                 | I ^ -> ZN v  | CKND0    | 0.021 |   1.441 |    1.436 | 
     | core_instance0/sfp_instance/U10052                 | B v -> ZN ^  | AOI21D1  | 0.047 |   1.488 |    1.483 | 
     | core_instance0/sfp_instance/U10055                 | A1 ^ -> ZN v | OAI21D1  | 0.033 |   1.521 |    1.517 | 
     | core_instance0/sfp_instance/U6356                  | A2 v -> ZN ^ | AOI21D1  | 0.057 |   1.579 |    1.574 | 
     | core_instance0/sfp_instance/U10082                 | A1 ^ -> ZN v | OAI21D1  | 0.027 |   1.606 |    1.601 | 
     | core_instance0/sfp_instance/U10083                 | A2 v -> ZN ^ | CKND2D1  | 0.026 |   1.632 |    1.627 | 
     | core_instance0/sfp_instance/U10084                 | A1 ^ -> ZN v | CKND2D2  | 0.018 |   1.650 |    1.645 | 
     | core_instance0/sfp_instance/U10160                 | A1 v -> ZN ^ | ND2D3    | 0.020 |   1.670 |    1.665 | 
     | core_instance0/sfp_instance/U10206                 | A1 ^ -> ZN v | ND2D4    | 0.033 |   1.703 |    1.698 | 
     | core_instance0/sfp_instance/FE_OFC2913_n28029      | I v -> ZN ^  | INVD2    | 0.029 |   1.731 |    1.727 | 
     | core_instance0/sfp_instance/FE_OFC2914_n28029      | I ^ -> ZN v  | INVD0    | 0.024 |   1.756 |    1.751 | 
     | core_instance0/sfp_instance/U2260                  | A1 v -> ZN ^ | ND2D2    | 0.017 |   1.773 |    1.768 | 
     | core_instance0/sfp_instance/U2259                  | A2 ^ -> ZN v | ND2D3    | 0.050 |   1.823 |    1.819 | 
     | core_instance0/sfp_instance/U3112                  | A1 v -> ZN ^ | NR2XD0   | 0.046 |   1.870 |    1.865 | 
     | core_instance0/sfp_instance/U10486                 | A1 ^ -> ZN v | OAI21D1  | 0.038 |   1.907 |    1.903 | 
     | core_instance0/sfp_instance/U10490                 | A1 v -> ZN ^ | AOI21D2  | 0.046 |   1.953 |    1.948 | 
     | core_instance0/sfp_instance/U10496                 | A1 ^ -> ZN v | OAI21D4  | 0.033 |   1.986 |    1.982 | 
     | core_instance0/sfp_instance/U7075                  | A1 v -> Z v  | AO21D4   | 0.057 |   2.044 |    2.039 | 
     | core_instance0/sfp_instance/U10654                 | A2 v -> ZN ^ | NR2D8    | 0.032 |   2.076 |    2.071 | 
     | core_instance0/sfp_instance/U387                   | A1 ^ -> ZN v | NR2XD3   | 0.028 |   2.103 |    2.099 | 
     | core_instance0/sfp_instance/U7995                  | A1 v -> ZN ^ | ND2D4    | 0.042 |   2.146 |    2.141 | 
     | core_instance0/sfp_instance/FE_RC_1015_0           | B1 ^ -> ZN v | OAI22D1  | 0.035 |   2.180 |    2.176 | 
     | core_instance0/sfp_instance/U10720                 | A1 v -> ZN ^ | NR3D1    | 0.053 |   2.233 |    2.228 | 
     | core_instance0/sfp_instance/U1660                  | A2 ^ -> ZN v | ND2D4    | 0.053 |   2.286 |    2.281 | 
     | core_instance0/sfp_instance/U2281                  | A1 v -> ZN ^ | CKND2D1  | 0.043 |   2.329 |    2.324 | 
     | core_instance0/sfp_instance/U19019                 | A2 ^ -> ZN v | OAI21D1  | 0.053 |   2.382 |    2.377 | 
     | core_instance0/sfp_instance/U1251                  | A2 v -> ZN ^ | AOI21D4  | 0.038 |   2.420 |    2.415 | 
     | core_instance0/sfp_instance/U19023                 | B ^ -> ZN v  | OAI21D4  | 0.035 |   2.454 |    2.450 | 
     | core_instance0/sfp_instance/FE_RC_1398_0           | A2 v -> ZN ^ | CKND2D1  | 0.028 |   2.482 |    2.478 | 
     | core_instance0/sfp_instance/FE_RC_1397_0           | A1 ^ -> ZN v | CKND2D2  | 0.021 |   2.503 |    2.499 | 
     | core_instance0/sfp_instance/U19038                 | A2 v -> Z v  | OR2XD1   | 0.044 |   2.547 |    2.542 | 
     | core_instance0/sfp_instance/U19039                 | A1 v -> ZN ^ | CKND2D3  | 0.026 |   2.573 |    2.568 | 
     | core_instance0/sfp_instance/U7174                  | A1 ^ -> ZN v | ND2D4    | 0.053 |   2.626 |    2.622 | 
     | core_instance0/sfp_instance/U7173                  | A2 v -> ZN ^ | OAI22D0  | 0.085 |   2.711 |    2.706 | 
     | core_instance0/sfp_instance/FE_RC_2070_0           | A2 ^ -> ZN v | NR2D2    | 0.026 |   2.737 |    2.732 | 
     | core_instance0/sfp_instance/FE_RC_2069_0           | A2 v -> ZN ^ | CKND2D3  | 0.050 |   2.787 |    2.782 | 
     | core_instance0/sfp_instance/U24987                 | A1 ^ -> ZN v | NR2D1    | 0.022 |   2.809 |    2.804 | 
     | core_instance0/sfp_instance/U24989                 | A1 v -> ZN ^ | NR2XD1   | 0.029 |   2.838 |    2.833 | 
     | core_instance0/sfp_instance/U24990                 | A2 ^ -> ZN v | CKND2D1  | 0.032 |   2.870 |    2.865 | 
     | core_instance0/sfp_instance/U24994                 | A2 v -> ZN ^ | OAI21D4  | 0.046 |   2.916 |    2.912 | 
     | core_instance0/sfp_instance/U25018                 | A1 ^ -> ZN v | AOI21D4  | 0.026 |   2.943 |    2.938 | 
     | core_instance0/sfp_instance/U25022                 | A1 v -> ZN ^ | OAI21D4  | 0.030 |   2.972 |    2.968 | 
     | core_instance0/sfp_instance/FE_RC_1049_0           | I ^ -> ZN v  | CKND2    | 0.015 |   2.987 |    2.983 | 
     | core_instance0/sfp_instance/FE_RC_2267_0           | B1 v -> ZN ^ | AOI22D2  | 0.041 |   3.029 |    3.024 | 
     | core_instance0/sfp_instance/FE_RC_1035_0           | A2 ^ -> ZN v | OAI21D4  | 0.024 |   3.053 |    3.048 | 
     | core_instance0/sfp_instance/sfp_out_sign5_reg_0_   | D v          | EDFCNQD1 | 0.000 |   3.053 |    3.048 | 
     +-----------------------------------------------------------------------------------------------------------+ 
Path 3: VIOLATED Setup Check with Pin core_instance0/sfp_instance/sfp_out_sign1_
reg_0_/CP 
Endpoint:   core_instance0/sfp_instance/sfp_out_sign1_reg_0_/D     (^) checked 
with  leading edge of 'clk'
Beginpoint: core_instance0/sfp_instance/fifo_inst_int/out_reg_7_/Q (^) 
triggered by  leading edge of 'clk'
Path Groups: {clk}
Analysis View: WC_VIEW
Other End Arrival Time          0.100
- Setup                         0.075
+ Phase Shift                   1.000
+ CPPR Adjustment               0.000
+ Cycle Adjustment              2.000
= Required Time                 3.025
- Arrival Time                  3.028
= Slack Time                   -0.003
     Clock Rise Edge                 0.000
     + Clock Network Latency (Ideal) 0.100
     = Beginpoint Arrival Time       0.100
     +-----------------------------------------------------------------------------------------------------------+ 
     |                      Instance                      |     Arc      |   Cell   | Delay | Arrival | Required | 
     |                                                    |              |          |       |  Time   |   Time   | 
     |----------------------------------------------------+--------------+----------+-------+---------+----------| 
     | core_instance0/sfp_instance/fifo_inst_int/out_reg_ | CP ^         |          |       |   0.100 |    0.097 | 
     | 7_                                                 |              |          |       |         |          | 
     | core_instance0/sfp_instance/fifo_inst_int/out_reg_ | CP ^ -> Q ^  | EDFCNQD4 | 0.109 |   0.209 |    0.206 | 
     | 7_                                                 |              |          |       |         |          | 
     | core_instance0/sfp_instance/U964                   | A1 ^ -> ZN v | CKND2D4  | 0.022 |   0.231 |    0.228 | 
     | core_instance0/sfp_instance/FE_RC_68_0             | A1 v -> ZN ^ | OAI21D4  | 0.036 |   0.268 |    0.264 | 
     | core_instance0/sfp_instance/U7231                  | A1 ^ -> ZN v | CKND2D4  | 0.018 |   0.285 |    0.282 | 
     | core_instance0/sfp_instance/U251                   | A1 v -> ZN ^ | ND2D4    | 0.028 |   0.313 |    0.310 | 
     | core_instance0/sfp_instance/U250                   | A1 ^ -> ZN v | CKND2D2  | 0.024 |   0.336 |    0.333 | 
     | core_instance0/sfp_instance/U948                   | A1 v -> ZN ^ | ND2D4    | 0.024 |   0.361 |    0.357 | 
     | core_instance0/sfp_instance/U1144                  | A1 ^ -> ZN v | CKND2D2  | 0.018 |   0.379 |    0.376 | 
     | core_instance0/sfp_instance/U1143                  | A2 v -> ZN ^ | OAI211D2 | 0.032 |   0.411 |    0.408 | 
     | core_instance0/sfp_instance/FE_RC_136_0            | I ^ -> ZN v  | INVD2    | 0.016 |   0.428 |    0.424 | 
     | core_instance0/sfp_instance/FE_RC_135_0            | A1 v -> ZN ^ | ND2D3    | 0.019 |   0.446 |    0.443 | 
     | core_instance0/sfp_instance/FE_RC_134_0            | A1 ^ -> ZN v | ND2D8    | 0.029 |   0.476 |    0.472 | 
     | core_instance0/sfp_instance/U580                   | A1 v -> ZN ^ | ND2D8    | 0.027 |   0.503 |    0.500 | 
     | core_instance0/sfp_instance/FE_OFC3475_n5105       | I ^ -> ZN v  | INVD8    | 0.014 |   0.517 |    0.514 | 
     | core_instance0/sfp_instance/U1108                  | A2 v -> ZN ^ | CKND2D4  | 0.025 |   0.542 |    0.539 | 
     | core_instance0/sfp_instance/U1106                  | A1 ^ -> ZN v | NR2XD4   | 0.019 |   0.561 |    0.558 | 
     | core_instance0/sfp_instance/FE_RC_1556_0           | A1 v -> ZN ^ | ND2D4    | 0.015 |   0.577 |    0.574 | 
     | core_instance0/sfp_instance/FE_RC_1557_0           | I ^ -> ZN v  | INVD6    | 0.015 |   0.591 |    0.588 | 
     | core_instance0/sfp_instance/U6906                  | A1 v -> ZN ^ | ND2D8    | 0.023 |   0.614 |    0.611 | 
     | core_instance0/sfp_instance/U171                   | A1 ^ -> ZN v | NR2XD8   | 0.020 |   0.635 |    0.631 | 
     | core_instance0/sfp_instance/FE_RC_1260_0           | A1 v -> ZN ^ | ND2D2    | 0.023 |   0.658 |    0.655 | 
     | core_instance0/sfp_instance/FE_RC_1254_0           | C ^ -> ZN v  | OAI211D2 | 0.039 |   0.697 |    0.693 | 
     | core_instance0/sfp_instance/FE_RC_1255_0           | I v -> ZN ^  | CKND4    | 0.031 |   0.728 |    0.725 | 
     | core_instance0/sfp_instance/U16176                 | A1 ^ -> ZN v | NR2D3    | 0.014 |   0.742 |    0.739 | 
     | core_instance0/sfp_instance/U16177                 | A1 v -> ZN ^ | NR2XD2   | 0.026 |   0.768 |    0.765 | 
     | core_instance0/sfp_instance/U7234                  | A2 ^ -> ZN v | CKND2D4  | 0.023 |   0.791 |    0.788 | 
     | core_instance0/sfp_instance/FE_RC_83_0             | A1 v -> ZN ^ | CKND2D2  | 0.020 |   0.811 |    0.808 | 
     | core_instance0/sfp_instance/FE_RC_82_0             | A1 ^ -> ZN v | ND2D3    | 0.029 |   0.840 |    0.837 | 
     | core_instance0/sfp_instance/U6310                  | A1 v -> ZN ^ | CKND2D2  | 0.024 |   0.864 |    0.861 | 
     | core_instance0/sfp_instance/U1614                  | I ^ -> ZN v  | CKND2    | 0.015 |   0.879 |    0.876 | 
     | core_instance0/sfp_instance/U152                   | A1 v -> ZN ^ | CKND2D2  | 0.017 |   0.896 |    0.893 | 
     | core_instance0/sfp_instance/U7228                  | A1 ^ -> ZN v | ND2D3    | 0.027 |   0.923 |    0.920 | 
     | core_instance0/sfp_instance/FE_RC_179_0            | I v -> ZN ^  | INVD1    | 0.022 |   0.945 |    0.942 | 
     | core_instance0/sfp_instance/FE_RC_178_0            | A1 ^ -> ZN v | ND2D2    | 0.020 |   0.964 |    0.961 | 
     | core_instance0/sfp_instance/FE_RC_177_0            | A1 v -> ZN ^ | ND2D4    | 0.029 |   0.993 |    0.990 | 
     | core_instance0/sfp_instance/FE_OCPC5659_n11008     | I ^ -> Z ^   | BUFFD8   | 0.034 |   1.027 |    1.024 | 
     | core_instance0/sfp_instance/U2798                  | A1 ^ -> ZN v | ND2D1    | 0.021 |   1.048 |    1.044 | 
     | core_instance0/sfp_instance/U16290                 | B v -> ZN ^  | OAI21D1  | 0.031 |   1.079 |    1.076 | 
     | core_instance0/sfp_instance/U16292                 | A2 ^ -> ZN v | AOI21D1  | 0.025 |   1.104 |    1.101 | 
     | core_instance0/sfp_instance/U16293                 | A1 v -> ZN ^ | OAI21D1  | 0.069 |   1.173 |    1.169 | 
     | core_instance0/sfp_instance/FE_RC_187_0            | A2 ^ -> ZN v | AOI22D4  | 0.036 |   1.209 |    1.205 | 
     | core_instance0/sfp_instance/U848                   | A1 v -> ZN ^ | ND3D8    | 0.031 |   1.240 |    1.236 | 
     | core_instance0/sfp_instance/U5719                  | A1 ^ -> ZN v | NR2XD2   | 0.031 |   1.271 |    1.268 | 
     | core_instance0/sfp_instance/U16414                 | B1 v -> ZN ^ | AOI22D2  | 0.065 |   1.336 |    1.333 | 
     | core_instance0/sfp_instance/U1187                  | A2 ^ -> ZN v | CKND2D8  | 0.048 |   1.384 |    1.381 | 
     | core_instance0/sfp_instance/U16471                 | A1 v -> ZN ^ | CKND2D1  | 0.039 |   1.423 |    1.419 | 
     | core_instance0/sfp_instance/U4449                  | B ^ -> ZN v  | OAI21D1  | 0.043 |   1.466 |    1.463 | 
     | core_instance0/sfp_instance/U16475                 | A2 v -> ZN ^ | AOI21D1  | 0.039 |   1.505 |    1.502 | 
     | core_instance0/sfp_instance/U16476                 | B ^ -> ZN v  | OAI21D2  | 0.036 |   1.541 |    1.538 | 
     | core_instance0/sfp_instance/U6295                  | A1 v -> Z v  | AO21D1   | 0.041 |   1.582 |    1.579 | 
     | core_instance0/sfp_instance/U16477                 | A2 v -> ZN ^ | ND2D1    | 0.019 |   1.601 |    1.598 | 
     | core_instance0/sfp_instance/U6578                  | A1 ^ -> ZN v | ND2D2    | 0.020 |   1.621 |    1.618 | 
     | core_instance0/sfp_instance/U6576                  | A1 v -> ZN ^ | ND2D4    | 0.021 |   1.642 |    1.639 | 
     | core_instance0/sfp_instance/U529                   | A2 ^ -> ZN v | ND2D8    | 0.033 |   1.675 |    1.672 | 
     | core_instance0/sfp_instance/U1044                  | A1 v -> ZN ^ | NR2D2    | 0.043 |   1.718 |    1.715 | 
     | core_instance0/sfp_instance/U16641                 | A1 ^ -> ZN v | OAI22D1  | 0.028 |   1.746 |    1.743 | 
     | core_instance0/sfp_instance/FE_RC_993_0            | A1 v -> ZN ^ | CKND2D1  | 0.024 |   1.770 |    1.767 | 
     | core_instance0/sfp_instance/FE_RC_992_0            | A1 ^ -> ZN ^ | IND2D4   | 0.036 |   1.806 |    1.803 | 
     | core_instance0/sfp_instance/FE_OCPC5721_n11999     | I ^ -> Z ^   | BUFFD16  | 0.036 |   1.842 |    1.839 | 
     | core_instance0/sfp_instance/U4436                  | A1 ^ -> ZN v | NR2XD1   | 0.034 |   1.877 |    1.873 | 
     | core_instance0/sfp_instance/U16673_dup             | A1 v -> ZN ^ | NR2D4    | 0.039 |   1.916 |    1.913 | 
     | core_instance0/sfp_instance/U16674                 | A2 ^ -> ZN v | CKND2D2  | 0.024 |   1.940 |    1.937 | 
     | core_instance0/sfp_instance/U2978                  | A2 v -> ZN ^ | OAI21D4  | 0.053 |   1.993 |    1.990 | 
     | core_instance0/sfp_instance/U16793                 | A1 ^ -> ZN v | AOI21D4  | 0.045 |   2.038 |    2.034 | 
     | core_instance0/sfp_instance/U3046                  | A1 v -> ZN ^ | NR2D3    | 0.038 |   2.076 |    2.073 | 
     | core_instance0/sfp_instance/U1270                  | I ^ -> ZN v  | CKND3    | 0.027 |   2.103 |    2.100 | 
     | core_instance0/sfp_instance/U1034                  | A2 v -> ZN ^ | NR2D8    | 0.042 |   2.145 |    2.142 | 
     | core_instance0/sfp_instance/U1033                  | B1 ^ -> ZN v | AOI22D1  | 0.032 |   2.177 |    2.174 | 
     | core_instance0/sfp_instance/U17305                 | A1 v -> ZN ^ | CKND2D1  | 0.030 |   2.207 |    2.204 | 
     | core_instance0/sfp_instance/U17306                 | B ^ -> ZN v  | AOI21D1  | 0.020 |   2.227 |    2.224 | 
     | core_instance0/sfp_instance/FE_RC_1228_0           | A2 v -> Z v  | AN2XD1   | 0.041 |   2.268 |    2.264 | 
     | core_instance0/sfp_instance/FE_RC_1229_0           | I v -> ZN ^  | CKND6    | 0.033 |   2.301 |    2.297 | 
     | core_instance0/sfp_instance/U6288                  | A1 ^ -> ZN v | NR2D2    | 0.018 |   2.318 |    2.315 | 
     | core_instance0/sfp_instance/U17336                 | A1 v -> ZN ^ | NR2XD0   | 0.036 |   2.355 |    2.352 | 
     | core_instance0/sfp_instance/U1186                  | A1 ^ -> ZN v | CKND2D2  | 0.021 |   2.376 |    2.373 | 
     | core_instance0/sfp_instance/U17345                 | A2 v -> ZN ^ | NR2XD0   | 0.046 |   2.422 |    2.419 | 
     | core_instance0/sfp_instance/U1798                  | A2 ^ -> ZN v | AOI21D4  | 0.027 |   2.449 |    2.446 | 
     | core_instance0/sfp_instance/U1797                  | A1 v -> ZN ^ | NR2XD4   | 0.027 |   2.476 |    2.473 | 
     | core_instance0/sfp_instance/FE_OCPC5735_N562       | I ^ -> ZN v  | CKND6    | 0.017 |   2.494 |    2.491 | 
     | core_instance0/sfp_instance/U20327                 | B v -> ZN ^  | AOI21D1  | 0.045 |   2.539 |    2.536 | 
     | core_instance0/sfp_instance/U20356                 | A1 ^ -> ZN v | ND2D2    | 0.027 |   2.566 |    2.563 | 
     | core_instance0/sfp_instance/U20437                 | I v -> ZN ^  | CKND2    | 0.019 |   2.585 |    2.582 | 
     | core_instance0/sfp_instance/U4154                  | A1 ^ -> ZN v | NR2D4    | 0.018 |   2.603 |    2.600 | 
     | core_instance0/sfp_instance/U653                   | I v -> ZN ^  | INVD8    | 0.021 |   2.624 |    2.621 | 
     | core_instance0/sfp_instance/U1332                  | A1 ^ -> ZN v | OAI22D1  | 0.028 |   2.651 |    2.648 | 
     | core_instance0/sfp_instance/U20481                 | A2 v -> ZN ^ | NR2D2    | 0.036 |   2.688 |    2.685 | 
     | core_instance0/sfp_instance/U20482                 | A2 ^ -> ZN v | ND2D3    | 0.048 |   2.736 |    2.733 | 
     | core_instance0/sfp_instance/U5461                  | A1 v -> ZN ^ | ND2D1    | 0.023 |   2.759 |    2.756 | 
     | core_instance0/sfp_instance/U5460                  | A2 ^ -> ZN v | OAI21D0  | 0.035 |   2.794 |    2.791 | 
     | core_instance0/sfp_instance/U1330                  | A2 v -> ZN ^ | AOI21D1  | 0.051 |   2.845 |    2.842 | 
     | core_instance0/sfp_instance/U1329                  | B ^ -> ZN v  | OAI21D4  | 0.041 |   2.887 |    2.883 | 
     | core_instance0/sfp_instance/U1482                  | A1 v -> ZN ^ | AOI21D2  | 0.030 |   2.917 |    2.913 | 
     | core_instance0/sfp_instance/U20987                 | A1 ^ -> ZN v | OAI21D2  | 0.026 |   2.943 |    2.940 | 
     | core_instance0/sfp_instance/FE_RC_1092_0           | I v -> ZN ^  | INVD1    | 0.019 |   2.962 |    2.959 | 
     | core_instance0/sfp_instance/FE_RC_2403_0           | B1 ^ -> ZN v | AOI22D1  | 0.028 |   2.990 |    2.987 | 
     | core_instance0/sfp_instance/U27518                 | I1 v -> ZN ^ | MUX2ND0  | 0.037 |   3.028 |    3.025 | 
     | core_instance0/sfp_instance/sfp_out_sign1_reg_0_   | D ^          | EDFCNQD1 | 0.000 |   3.028 |    3.025 | 
     +-----------------------------------------------------------------------------------------------------------+ 
Path 4: VIOLATED Setup Check with Pin core_instance1/sfp_instance/sfp_out_sign0_
reg_0_/CP 
Endpoint:   core_instance1/sfp_instance/sfp_out_sign0_reg_0_/D      (^) checked 
with  leading edge of 'clk'
Beginpoint: core_instance1/sfp_instance/fifo_inst_int/out_reg_12_/Q (^) 
triggered by  leading edge of 'clk'
Path Groups: {clk}
Analysis View: WC_VIEW
Other End Arrival Time          0.100
- Setup                         0.068
+ Phase Shift                   1.000
+ CPPR Adjustment               0.000
+ Cycle Adjustment              2.000
= Required Time                 3.032
- Arrival Time                  3.035
= Slack Time                   -0.003
     Clock Rise Edge                 0.000
     + Clock Network Latency (Ideal) 0.100
     = Beginpoint Arrival Time       0.100
     +------------------------------------------------------------------------------------------------------------+ 
     |                      Instance                      |     Arc      |   Cell    | Delay | Arrival | Required | 
     |                                                    |              |           |       |  Time   |   Time   | 
     |----------------------------------------------------+--------------+-----------+-------+---------+----------| 
     | core_instance1/sfp_instance/fifo_inst_int/out_reg_ | CP ^         |           |       |   0.100 |    0.097 | 
     | 12_                                                |              |           |       |         |          | 
     | core_instance1/sfp_instance/fifo_inst_int/out_reg_ | CP ^ -> Q ^  | EDFCNQD2  | 0.106 |   0.206 |    0.204 | 
     | 12_                                                |              |           |       |         |          | 
     | core_instance1/sfp_instance/U1370                  | A1 ^ -> ZN ^ | IND2D4    | 0.030 |   0.237 |    0.234 | 
     | core_instance1/sfp_instance/U10177                 | I ^ -> ZN v  | INVD2     | 0.017 |   0.254 |    0.251 | 
     | core_instance1/sfp_instance/U1354_dup              | A1 v -> ZN ^ | OAI21D1   | 0.046 |   0.300 |    0.297 | 
     | core_instance1/sfp_instance/U10238                 | A2 ^ -> ZN v | ND2D0     | 0.031 |   0.331 |    0.328 | 
     | core_instance1/sfp_instance/U10242                 | A1 v -> ZN ^ | CKND2D1   | 0.025 |   0.356 |    0.354 | 
     | core_instance1/sfp_instance/FE_RC_264_0            | B ^ -> ZN v  | AOI21D2   | 0.019 |   0.375 |    0.372 | 
     | core_instance1/sfp_instance/FE_RC_1817_0           | A2 v -> Z v  | AN2D8     | 0.042 |   0.417 |    0.414 | 
     | core_instance1/sfp_instance/FE_OFC5513_n494        | I v -> ZN ^  | CKND12    | 0.029 |   0.445 |    0.443 | 
     | core_instance1/sfp_instance/U10289                 | A2 ^ -> ZN v | CKND2D2   | 0.021 |   0.466 |    0.464 | 
     | core_instance1/sfp_instance/U10290                 | I v -> ZN ^  | INVD1     | 0.023 |   0.489 |    0.487 | 
     | core_instance1/sfp_instance/U10309                 | A1 ^ -> ZN v | ND2D1     | 0.023 |   0.513 |    0.510 | 
     | core_instance1/sfp_instance/U1622                  | A2 v -> ZN ^ | NR2XD1    | 0.033 |   0.546 |    0.543 | 
     | core_instance1/sfp_instance/U734                   | A1 ^ -> ZN v | CKND2D2   | 0.031 |   0.576 |    0.573 | 
     | core_instance1/sfp_instance/U1330                  | A1 v -> ZN ^ | NR2XD4    | 0.035 |   0.611 |    0.608 | 
     | core_instance1/sfp_instance/U1329                  | A1 ^ -> ZN v | CKND2D3   | 0.029 |   0.640 |    0.637 | 
     | core_instance1/sfp_instance/FE_OFC2571_n8564       | I v -> Z v   | BUFFD8    | 0.044 |   0.684 |    0.681 | 
     | core_instance1/sfp_instance/U10138                 | A2 v -> ZN ^ | ND2D1     | 0.019 |   0.703 |    0.700 | 
     | core_instance1/sfp_instance/U16003                 | A1 ^ -> ZN v | CKND2D0   | 0.029 |   0.731 |    0.729 | 
     | core_instance1/sfp_instance/U16004                 | A2 v -> ZN ^ | CKND2D2   | 0.033 |   0.765 |    0.762 | 
     | core_instance1/sfp_instance/U16056                 | I ^ -> ZN v  | INVD0     | 0.022 |   0.787 |    0.784 | 
     | core_instance1/sfp_instance/U16057                 | A2 v -> ZN ^ | CKND2D2   | 0.023 |   0.810 |    0.807 | 
     | core_instance1/sfp_instance/FE_RC_1615_0           | B2 ^ -> ZN v | AOI22D2   | 0.026 |   0.837 |    0.834 | 
     | core_instance1/sfp_instance/U16060                 | A2 v -> ZN ^ | OAI21D2   | 0.046 |   0.883 |    0.880 | 
     | core_instance1/sfp_instance/U16067                 | A1 ^ -> ZN v | CKND2D8   | 0.035 |   0.918 |    0.915 | 
     | core_instance1/sfp_instance/U4560                  | A1 v -> ZN ^ | ND2D1     | 0.025 |   0.943 |    0.941 | 
     | core_instance1/sfp_instance/FE_RC_2225_0           | I ^ -> ZN v  | CKND1     | 0.024 |   0.967 |    0.964 | 
     | core_instance1/sfp_instance/FE_RC_2224_0           | B v -> ZN ^  | AOI21D2   | 0.048 |   1.015 |    1.012 | 
     | core_instance1/sfp_instance/U1171                  | A1 ^ -> ZN v | OAI21D2   | 0.028 |   1.043 |    1.040 | 
     | core_instance1/sfp_instance/U1167                  | A1 v -> ZN ^ | AOI21D1   | 0.035 |   1.077 |    1.074 | 
     | core_instance1/sfp_instance/U1165                  | A1 ^ -> ZN v | OAI21D2   | 0.035 |   1.112 |    1.109 | 
     | core_instance1/sfp_instance/U2395                  | A1 v -> ZN ^ | ND2D3     | 0.030 |   1.142 |    1.139 | 
     | core_instance1/sfp_instance/U1479                  | A1 ^ -> ZN v | ND2D3     | 0.019 |   1.161 |    1.158 | 
     | core_instance1/sfp_instance/U1478                  | A1 v -> ZN ^ | NR2XD2    | 0.042 |   1.202 |    1.200 | 
     | core_instance1/sfp_instance/U7644                  | I ^ -> ZN v  | INVD1     | 0.031 |   1.233 |    1.230 | 
     | core_instance1/sfp_instance/FE_RC_721_0            | A1 v -> Z v  | AN2XD1    | 0.028 |   1.261 |    1.258 | 
     | core_instance1/sfp_instance/FE_RC_720_0            | A1 v -> ZN ^ | NR2D1     | 0.021 |   1.282 |    1.279 | 
     | core_instance1/sfp_instance/U16143                 | I0 ^ -> ZN v | MUX2ND2   | 0.066 |   1.348 |    1.346 | 
     | core_instance1/sfp_instance/U16149                 | A1 v -> ZN ^ | CKND2D8   | 0.031 |   1.380 |    1.377 | 
     | core_instance1/sfp_instance/U5716                  | A1 ^ -> ZN v | CKND2D2   | 0.021 |   1.401 |    1.398 | 
     | core_instance1/sfp_instance/U1689                  | A2 v -> ZN ^ | OAI21D1   | 0.039 |   1.440 |    1.437 | 
     | core_instance1/sfp_instance/U2016                  | A1 ^ -> ZN v | AOI21D1   | 0.023 |   1.463 |    1.460 | 
     | core_instance1/sfp_instance/U16271                 | B v -> ZN ^  | OAI21D1   | 0.024 |   1.487 |    1.484 | 
     | core_instance1/sfp_instance/U7450                  | A2 ^ -> Z ^  | AN2D2     | 0.044 |   1.531 |    1.528 | 
     | core_instance1/sfp_instance/U1488                  | A2 ^ -> ZN v | ND2D1     | 0.033 |   1.565 |    1.562 | 
     | core_instance1/sfp_instance/U1075                  | A1 v -> ZN ^ | ND2D4     | 0.032 |   1.596 |    1.594 | 
     | core_instance1/sfp_instance/FE_OFC3138_n10780      | I ^ -> ZN v  | INVD2     | 0.017 |   1.613 |    1.610 | 
     | core_instance1/sfp_instance/U16353                 | A1 v -> ZN ^ | ND2D4     | 0.024 |   1.637 |    1.634 | 
     | core_instance1/sfp_instance/U16379                 | A1 ^ -> ZN v | OAI22D1   | 0.029 |   1.666 |    1.664 | 
     | core_instance1/sfp_instance/U16380                 | A2 v -> ZN ^ | OAI21D1   | 0.049 |   1.715 |    1.712 | 
     | core_instance1/sfp_instance/FE_RC_536_0            | A3 ^ -> Z ^  | AN3D2     | 0.066 |   1.781 |    1.778 | 
     | core_instance1/sfp_instance/FE_RC_537_0            | I ^ -> ZN v  | CKND6     | 0.031 |   1.812 |    1.809 | 
     | core_instance1/sfp_instance/U16387                 | A1 v -> ZN ^ | NR2D2     | 0.043 |   1.855 |    1.852 | 
     | core_instance1/sfp_instance/U16414                 | A1 ^ -> ZN v | NR2XD2    | 0.025 |   1.880 |    1.877 | 
     | core_instance1/sfp_instance/FE_RC_579_0            | A1 v -> ZN ^ | AOI21D2   | 0.030 |   1.910 |    1.908 | 
     | core_instance1/sfp_instance/U7131_dup              | B ^ -> ZN v  | OAI21D2   | 0.036 |   1.946 |    1.943 | 
     | core_instance1/sfp_instance/U16551                 | A1 v -> ZN ^ | AOI21D4   | 0.035 |   1.982 |    1.979 | 
     | core_instance1/sfp_instance/FE_OFC4435_n16571      | I ^ -> ZN v  | INVD4     | 0.025 |   2.007 |    2.004 | 
     | core_instance1/sfp_instance/U1930                  | A1 v -> Z v  | AN2D4     | 0.034 |   2.041 |    2.038 | 
     | core_instance1/sfp_instance/U7385                  | A1 v -> ZN ^ | AOI22D4   | 0.032 |   2.073 |    2.070 | 
     | core_instance1/sfp_instance/U2399                  | A1 ^ -> ZN v | ND2D4     | 0.042 |   2.114 |    2.112 | 
     | core_instance1/sfp_instance/U20596                 | B1 v -> ZN ^ | INR2D1    | 0.047 |   2.162 |    2.159 | 
     | core_instance1/sfp_instance/FE_RC_753_0            | A3 ^ -> ZN v | NR4D2     | 0.029 |   2.191 |    2.188 | 
     | core_instance1/sfp_instance/U20599                 | A1 v -> ZN ^ | ND2D4     | 0.036 |   2.226 |    2.223 | 
     | core_instance1/sfp_instance/U20965                 | A1 ^ -> ZN v | NR2XD0    | 0.031 |   2.257 |    2.254 | 
     | core_instance1/sfp_instance/U20968                 | A1 v -> ZN ^ | OAI21D1   | 0.064 |   2.321 |    2.318 | 
     | core_instance1/sfp_instance/U455                   | A2 ^ -> ZN v | AOI21D2   | 0.039 |   2.359 |    2.357 | 
     | core_instance1/sfp_instance/U6741                  | A1 v -> ZN ^ | OAI21D4   | 0.038 |   2.397 |    2.395 | 
     | core_instance1/sfp_instance/U21005                 | A1 ^ -> ZN v | AOI21D1   | 0.027 |   2.424 |    2.421 | 
     | core_instance1/sfp_instance/U21006                 | A1 v -> ZN ^ | NR2D2     | 0.031 |   2.455 |    2.452 | 
     | core_instance1/sfp_instance/U2018                  | I ^ -> ZN v  | CKND2     | 0.036 |   2.491 |    2.488 | 
     | core_instance1/sfp_instance/U21007                 | A2 v -> ZN ^ | NR2D4     | 0.050 |   2.540 |    2.538 | 
     | core_instance1/sfp_instance/U21167                 | A1 ^ -> ZN v | ND2D4     | 0.055 |   2.595 |    2.593 | 
     | core_instance1/sfp_instance/U884                   | A1 v -> ZN ^ | NR2XD0    | 0.052 |   2.647 |    2.644 | 
     | core_instance1/sfp_instance/U1493                  | B ^ -> ZN v  | AOI211XD2 | 0.031 |   2.678 |    2.675 | 
     | core_instance1/sfp_instance/U2215                  | A2 v -> ZN ^ | ND2D3     | 0.042 |   2.720 |    2.717 | 
     | core_instance1/sfp_instance/U3163                  | A1 ^ -> ZN v | NR2XD1    | 0.024 |   2.744 |    2.741 | 
     | core_instance1/sfp_instance/U10038                 | A2 v -> ZN ^ | NR2XD0    | 0.043 |   2.786 |    2.784 | 
     | core_instance1/sfp_instance/U21644                 | A1 ^ -> ZN v | AOI21D2   | 0.035 |   2.822 |    2.819 | 
     | core_instance1/sfp_instance/U21651                 | A1 v -> ZN ^ | OAI21D4   | 0.036 |   2.857 |    2.854 | 
     | core_instance1/sfp_instance/U2047                  | A1 ^ -> ZN v | AOI21D1   | 0.028 |   2.886 |    2.883 | 
     | core_instance1/sfp_instance/U492                   | A1 v -> ZN ^ | OAI21D2   | 0.036 |   2.921 |    2.919 | 
     | core_instance1/sfp_instance/U802                   | B ^ -> ZN v  | OAI21D1   | 0.029 |   2.950 |    2.947 | 
     | core_instance1/sfp_instance/FE_RC_1617_0           | B v -> ZN ^  | OAI21D1   | 0.024 |   2.974 |    2.972 | 
     | core_instance1/sfp_instance/FE_RC_1616_0           | A1 ^ -> ZN v | ND2D2     | 0.032 |   3.006 |    3.004 | 
     | core_instance1/sfp_instance/U482                   | A1 v -> ZN ^ | ND2D8     | 0.025 |   3.032 |    3.029 | 
     | core_instance1/sfp_instance/sfp_out_sign0_reg_0_   | D ^          | EDFCNQD1  | 0.003 |   3.035 |    3.032 | 
     +------------------------------------------------------------------------------------------------------------+ 
Path 5: VIOLATED Setup Check with Pin core_instance1/sfp_instance/sfp_out_sign5_
reg_0_/CP 
Endpoint:   core_instance1/sfp_instance/sfp_out_sign5_reg_0_/D     (^) checked 
with  leading edge of 'clk'
Beginpoint: core_instance1/sfp_instance/fifo_inst_int/out_reg_9_/Q (v) 
triggered by  leading edge of 'clk'
Path Groups: {clk}
Analysis View: WC_VIEW
Other End Arrival Time          0.100
- Setup                         0.069
+ Phase Shift                   1.000
+ CPPR Adjustment               0.000
+ Cycle Adjustment              2.000
= Required Time                 3.031
- Arrival Time                  3.033
= Slack Time                   -0.002
     Clock Rise Edge                 0.000
     + Clock Network Latency (Ideal) 0.100
     = Beginpoint Arrival Time       0.100
     +-----------------------------------------------------------------------------------------------------------+ 
     |                      Instance                      |     Arc      |   Cell   | Delay | Arrival | Required | 
     |                                                    |              |          |       |  Time   |   Time   | 
     |----------------------------------------------------+--------------+----------+-------+---------+----------| 
     | core_instance1/sfp_instance/fifo_inst_int/out_reg_ | CP ^         |          |       |   0.100 |    0.098 | 
     | 9_                                                 |              |          |       |         |          | 
     | core_instance1/sfp_instance/fifo_inst_int/out_reg_ | CP ^ -> Q v  | EDFCNQD4 | 0.075 |   0.175 |    0.173 | 
     | 9_                                                 |              |          |       |         |          | 
     | core_instance1/sfp_instance/U200                   | A1 v -> ZN ^ | NR2D2    | 0.032 |   0.207 |    0.205 | 
     | core_instance1/sfp_instance/U198                   | A1 ^ -> ZN v | NR2XD1   | 0.031 |   0.238 |    0.236 | 
     | core_instance1/sfp_instance/U1446                  | A2 v -> ZN ^ | CKND2D4  | 0.025 |   0.263 |    0.261 | 
     | core_instance1/sfp_instance/U196                   | A1 ^ -> ZN v | ND2D8    | 0.024 |   0.287 |    0.285 | 
     | core_instance1/sfp_instance/U192                   | A1 v -> ZN ^ | AOI31D2  | 0.028 |   0.315 |    0.314 | 
     | core_instance1/sfp_instance/FE_RC_337_0            | I ^ -> ZN v  | CKND2    | 0.017 |   0.333 |    0.331 | 
     | core_instance1/sfp_instance/FE_RC_336_0            | A1 v -> ZN ^ | NR2D3    | 0.031 |   0.364 |    0.362 | 
     | core_instance1/sfp_instance/FE_RC_1913_0           | A1 ^ -> ZN v | ND2D3    | 0.021 |   0.385 |    0.383 | 
     | core_instance1/sfp_instance/FE_RC_1911_0           | B v -> ZN ^  | OAI21D4  | 0.022 |   0.407 |    0.406 | 
     | core_instance1/sfp_instance/FE_OFC4947_n5532       | I ^ -> ZN v  | CKND8    | 0.028 |   0.435 |    0.434 | 
     | core_instance1/sfp_instance/FE_OCPC7021_FE_OFN4947 | I v -> ZN ^  | INVD8    | 0.027 |   0.462 |    0.460 | 
     | _n5532                                             |              |          |       |         |          | 
     | core_instance1/sfp_instance/FE_RC_560_0            | A1 ^ -> ZN v | OAI21D4  | 0.019 |   0.481 |    0.480 | 
     | core_instance1/sfp_instance/U2226                  | A1 v -> ZN ^ | ND3D3    | 0.015 |   0.496 |    0.495 | 
     | core_instance1/sfp_instance/U1466                  | A1 ^ -> ZN v | ND2D2    | 0.020 |   0.517 |    0.515 | 
     | core_instance1/sfp_instance/U176                   | A1 v -> ZN ^ | ND2D2    | 0.019 |   0.535 |    0.534 | 
     | core_instance1/sfp_instance/U1408                  | A1 ^ -> ZN v | CKND2D4  | 0.021 |   0.556 |    0.554 | 
     | core_instance1/sfp_instance/U1405                  | A1 v -> ZN ^ | NR2D4    | 0.035 |   0.591 |    0.589 | 
     | core_instance1/sfp_instance/U1404                  | A1 ^ -> ZN v | NR2D3    | 0.016 |   0.607 |    0.606 | 
     | core_instance1/sfp_instance/FE_RC_296_0            | A1 v -> ZN ^ | OAI21D4  | 0.030 |   0.637 |    0.636 | 
     | core_instance1/sfp_instance/U12257                 | B ^ -> ZN v  | IOA21D2  | 0.024 |   0.661 |    0.660 | 
     | core_instance1/sfp_instance/U2170                  | A1 v -> ZN ^ | ND2D4    | 0.027 |   0.688 |    0.687 | 
     | core_instance1/sfp_instance/U1873_dup              | A1 ^ -> Z v  | CKXOR2D4 | 0.061 |   0.749 |    0.747 | 
     | core_instance1/sfp_instance/U1243                  | A1 v -> ZN ^ | ND3D3    | 0.018 |   0.767 |    0.765 | 
     | core_instance1/sfp_instance/U166                   | A1 ^ -> ZN v | NR2XD2   | 0.018 |   0.785 |    0.783 | 
     | core_instance1/sfp_instance/U1237                  | B1 v -> ZN ^ | IND2D4   | 0.017 |   0.802 |    0.801 | 
     | core_instance1/sfp_instance/U1223                  | A1 ^ -> ZN v | NR2XD3   | 0.016 |   0.819 |    0.817 | 
     | core_instance1/sfp_instance/U7521                  | I v -> ZN ^  | CKND4    | 0.018 |   0.837 |    0.835 | 
     | core_instance1/sfp_instance/U1441                  | A2 ^ -> ZN v | ND2D8    | 0.021 |   0.858 |    0.856 | 
     | core_instance1/sfp_instance/U1440                  | A1 v -> ZN ^ | ND2D4    | 0.016 |   0.874 |    0.872 | 
     | core_instance1/sfp_instance/U1208_dup              | I ^ -> ZN v  | INVD4    | 0.013 |   0.886 |    0.885 | 
     | core_instance1/sfp_instance/FE_RC_1142_0           | A1 v -> ZN ^ | AOI22D4  | 0.034 |   0.920 |    0.918 | 
     | core_instance1/sfp_instance/FE_RC_1125_0           | A1 ^ -> ZN v | ND3D8    | 0.029 |   0.949 |    0.947 | 
     | core_instance1/sfp_instance/U155                   | S v -> Z v   | MUX2D4   | 0.074 |   1.023 |    1.021 | 
     | core_instance1/sfp_instance/U5236                  | A1 v -> ZN ^ | ND2D2    | 0.024 |   1.047 |    1.045 | 
     | core_instance1/sfp_instance/U2089                  | B ^ -> ZN v  | OAI21D2  | 0.030 |   1.077 |    1.075 | 
     | core_instance1/sfp_instance/U14979                 | B v -> ZN ^  | AOI21D2  | 0.044 |   1.121 |    1.119 | 
     | core_instance1/sfp_instance/U2169                  | A1 ^ -> ZN v | OAI21D4  | 0.031 |   1.152 |    1.150 | 
     | core_instance1/sfp_instance/U1962                  | A1 v -> ZN ^ | ND2D3    | 0.030 |   1.182 |    1.180 | 
     | core_instance1/sfp_instance/U1154                  | A1 ^ -> ZN v | ND2D8    | 0.026 |   1.208 |    1.206 | 
     | core_instance1/sfp_instance/U1420                  | A1 v -> ZN ^ | CKND2D4  | 0.027 |   1.235 |    1.233 | 
     | core_instance1/sfp_instance/FE_RC_2308_0           | A1 ^ -> Z ^  | OA21D4   | 0.040 |   1.275 |    1.274 | 
     | core_instance1/sfp_instance/U1128                  | A2 ^ -> ZN v | ND3D3    | 0.023 |   1.299 |    1.297 | 
     | core_instance1/sfp_instance/U210                   | A1 v -> ZN ^ | ND2D3    | 0.021 |   1.320 |    1.318 | 
     | core_instance1/sfp_instance/U1118                  | A1 ^ -> ZN v | ND2D8    | 0.032 |   1.351 |    1.350 | 
     | core_instance1/sfp_instance/FE_OCPC7163_n9261      | I v -> ZN ^  | CKND2    | 0.018 |   1.369 |    1.367 | 
     | core_instance1/sfp_instance/U1871                  | A1 ^ -> ZN v | ND2D1    | 0.021 |   1.390 |    1.388 | 
     | core_instance1/sfp_instance/U5262                  | I v -> ZN ^  | CKND1    | 0.021 |   1.411 |    1.409 | 
     | core_instance1/sfp_instance/U1870                  | B ^ -> ZN v  | AOI21D2  | 0.017 |   1.428 |    1.426 | 
     | core_instance1/sfp_instance/U6508                  | A1 v -> ZN ^ | OAI21D2  | 0.041 |   1.469 |    1.467 | 
     | core_instance1/sfp_instance/FE_RC_1100_0           | A1 ^ -> ZN v | AOI21D4  | 0.026 |   1.495 |    1.493 | 
     | core_instance1/sfp_instance/U15209                 | A1 v -> ZN ^ | OAI21D2  | 0.031 |   1.526 |    1.524 | 
     | core_instance1/sfp_instance/U1080                  | A1 ^ -> ZN v | CKND2D3  | 0.027 |   1.552 |    1.550 | 
     | core_instance1/sfp_instance/U107                   | I v -> ZN ^  | INVD4    | 0.025 |   1.577 |    1.576 | 
     | core_instance1/sfp_instance/U1074                  | A1 ^ -> ZN v | ND2D4    | 0.020 |   1.597 |    1.596 | 
     | core_instance1/sfp_instance/FE_RC_1055_0           | A2 v -> ZN ^ | CKND2D8  | 0.032 |   1.630 |    1.628 | 
     | core_instance1/sfp_instance/U3199                  | A1 ^ -> ZN v | ND2D8    | 0.037 |   1.666 |    1.664 | 
     | core_instance1/sfp_instance/FE_OCPC7243_n9482      | I v -> ZN ^  | CKND0    | 0.032 |   1.698 |    1.696 | 
     | core_instance1/sfp_instance/U15324                 | A1 ^ -> ZN v | AOI22D2  | 0.021 |   1.719 |    1.717 | 
     | core_instance1/sfp_instance/FE_RC_1567_0           | B2 v -> ZN ^ | IND3D2   | 0.020 |   1.739 |    1.737 | 
     | core_instance1/sfp_instance/U99                    | I0 ^ -> Z ^  | MUX2D4   | 0.080 |   1.818 |    1.817 | 
     | core_instance1/sfp_instance/U4188                  | A1 ^ -> ZN v | NR2XD1   | 0.037 |   1.856 |    1.854 | 
     | core_instance1/sfp_instance/U5273                  | A2 v -> ZN ^ | NR2XD1   | 0.033 |   1.888 |    1.886 | 
     | core_instance1/sfp_instance/U3450                  | A2 ^ -> ZN v | CKND2D1  | 0.022 |   1.910 |    1.908 | 
     | core_instance1/sfp_instance/U1431                  | A2 v -> ZN ^ | OAI21D1  | 0.052 |   1.962 |    1.960 | 
     | core_instance1/sfp_instance/U572                   | A1 ^ -> ZN v | ND2D1    | 0.029 |   1.991 |    1.989 | 
     | core_instance1/sfp_instance/U571                   | A1 v -> ZN ^ | CKND2D2  | 0.030 |   2.021 |    2.019 | 
     | core_instance1/sfp_instance/FE_RC_1960_0           | A1 ^ -> ZN v | OAI211D2 | 0.048 |   2.069 |    2.068 | 
     | core_instance1/sfp_instance/FE_RC_1958_0           | B1 v -> ZN ^ | IND2D4   | 0.053 |   2.122 |    2.120 | 
     | core_instance1/sfp_instance/U8550                  | B1 ^ -> ZN v | OAI22D1  | 0.043 |   2.165 |    2.164 | 
     | core_instance1/sfp_instance/U15874                 | B v -> ZN ^  | AOI21D2  | 0.054 |   2.219 |    2.217 | 
     | core_instance1/sfp_instance/U8527                  | A1 ^ -> ZN v | ND2D4    | 0.044 |   2.263 |    2.261 | 
     | core_instance1/sfp_instance/U2931                  | A1 v -> ZN ^ | CKND2D2  | 0.029 |   2.291 |    2.290 | 
     | core_instance1/sfp_instance/U19096                 | A2 ^ -> ZN v | OAI21D1  | 0.042 |   2.334 |    2.332 | 
     | core_instance1/sfp_instance/U6533                  | A2 v -> ZN ^ | AOI21D1  | 0.041 |   2.375 |    2.373 | 
     | core_instance1/sfp_instance/U6532                  | B ^ -> ZN v  | OAI21D2  | 0.042 |   2.417 |    2.415 | 
     | core_instance1/sfp_instance/FE_RC_412_0            | A2 v -> ZN ^ | CKND2D2  | 0.030 |   2.447 |    2.445 | 
     | core_instance1/sfp_instance/FE_RC_411_0            | B1 ^ -> ZN v | IND2D4   | 0.027 |   2.475 |    2.473 | 
     | core_instance1/sfp_instance/FE_RC_1414_0           | A2 v -> ZN ^ | ND2D3    | 0.026 |   2.500 |    2.499 | 
     | core_instance1/sfp_instance/FE_RC_1413_0           | A1 ^ -> ZN v | ND3D8    | 0.021 |   2.522 |    2.520 | 
     | core_instance1/sfp_instance/U1476                  | A1 v -> ZN ^ | ND2D4    | 0.027 |   2.549 |    2.547 | 
     | core_instance1/sfp_instance/U1475                  | I ^ -> ZN v  | INVD6    | 0.026 |   2.575 |    2.573 | 
     | core_instance1/sfp_instance/U3923                  | B1 v -> ZN ^ | AOI22D2  | 0.034 |   2.609 |    2.607 | 
     | core_instance1/sfp_instance/U24729                 | A1 ^ -> Z ^  | AN3D2    | 0.058 |   2.666 |    2.665 | 
     | core_instance1/sfp_instance/U849                   | A2 ^ -> ZN v | ND2D4    | 0.049 |   2.715 |    2.714 | 
     | core_instance1/sfp_instance/U3328                  | A1 v -> ZN ^ | ND2D1    | 0.030 |   2.745 |    2.744 | 
     | core_instance1/sfp_instance/U25446                 | B ^ -> ZN v  | OAI21D2  | 0.037 |   2.783 |    2.781 | 
     | core_instance1/sfp_instance/U1745                  | A2 v -> ZN ^ | AOI21D4  | 0.035 |   2.818 |    2.816 | 
     | core_instance1/sfp_instance/U1744                  | A1 ^ -> ZN v | OAI21D4  | 0.033 |   2.851 |    2.849 | 
     | core_instance1/sfp_instance/U204                   | A1 v -> ZN ^ | AOI21D4  | 0.031 |   2.882 |    2.880 | 
     | core_instance1/sfp_instance/U25483                 | A1 ^ -> ZN v | OAI21D2  | 0.025 |   2.907 |    2.905 | 
     | core_instance1/sfp_instance/U27599                 | S v -> ZN v  | MUX2ND0  | 0.057 |   2.963 |    2.962 | 
     | core_instance1/sfp_instance/U27691                 | I0 v -> ZN ^ | MUX2ND4  | 0.068 |   3.032 |    3.030 | 
     | core_instance1/sfp_instance/sfp_out_sign5_reg_0_   | D ^          | EDFCNQD1 | 0.001 |   3.033 |    3.031 | 
     +-----------------------------------------------------------------------------------------------------------+ 

