###############################################################
#  Generated by:      Cadence Innovus 15.23-s045_1
#  OS:                Linux x86_64(Host ID ieng6-ece-17.ucsd.edu)
#  Generated on:      Sat Mar 21 00:14:56 2026
#  Design:            fullchip
#  Command:           verifyGeometry
###############################################################

SHORT: Regular Via of Net core_instance0/sfp_instance/n5907 & Blockage of Cell core_instance0/sfp_instance/U4994  ( M1 )
Bounds : ( 600.250, 320.110 ) ( 600.350, 320.530 )


SHORT: Regular Via of Net core_instance1/sfp_instance/n3630 & Blockage of Cell core_instance1/sfp_instance/U2234  ( M1 )
Bounds : ( 669.210, 574.750 ) ( 669.590, 574.850 )



Begin Summary ...
  Cells       : 0
  SameNet     : 0
  Wiring      : 0
  Antenna     : 0
  Short       : 2
  Overlap     : 0
End Summary

  Total Violations : 2 Viols.
